ERROR - 2025-12-11 16:57:27 --> Error connecting to the database: mysqli_sql_exception: Access denied for user ''@'localhost' (using password: NO) in C:\xampp\htdocs\rendi\system\Database\MySQLi\Connection.php:202
Stack trace:
#0 C:\xampp\htdocs\rendi\system\Database\MySQLi\Connection.php(202): mysqli->real_connect('localhost', '', '', '', 3306, '', 0)
#1 C:\xampp\htdocs\rendi\system\Database\BaseConnection.php(419): CodeIgniter\Database\MySQLi\Connection->connect(false)
#2 C:\xampp\htdocs\rendi\system\Database\BaseConnection.php(614): CodeIgniter\Database\BaseConnection->initialize()
#3 C:\xampp\htdocs\rendi\app\Controllers\TestDB.php(18): CodeIgniter\Database\BaseConnection->query('SELECT NOW()')
#4 C:\xampp\htdocs\rendi\system\CodeIgniter.php(933): App\Controllers\TestDB->index()
#5 C:\xampp\htdocs\rendi\system\CodeIgniter.php(507): CodeIgniter\CodeIgniter->runController(Object(App\Controllers\TestDB))
#6 C:\xampp\htdocs\rendi\system\CodeIgniter.php(354): CodeIgniter\CodeIgniter->handleRequest(NULL, Object(Config\Cache), false)
#7 C:\xampp\htdocs\rendi\system\Boot.php(363): CodeIgniter\CodeIgniter->run()
#8 C:\xampp\htdocs\rendi\system\Boot.php(68): CodeIgniter\Boot::runCodeIgniter(Object(CodeIgniter\CodeIgniter))
#9 C:\xampp\htdocs\rendi\public\index.php(59): CodeIgniter\Boot::bootWeb(Object(Config\Paths))
#10 {main}

Next CodeIgniter\Database\Exceptions\DatabaseException: Access denied for user ''@'localhost' (using password: NO) in C:\xampp\htdocs\rendi\system\Database\MySQLi\Connection.php:246
Stack trace:
#0 C:\xampp\htdocs\rendi\system\Database\BaseConnection.php(419): CodeIgniter\Database\MySQLi\Connection->connect(false)
#1 C:\xampp\htdocs\rendi\system\Database\BaseConnection.php(614): CodeIgniter\Database\BaseConnection->initialize()
#2 C:\xampp\htdocs\rendi\app\Controllers\TestDB.php(18): CodeIgniter\Database\BaseConnection->query('SELECT NOW()')
#3 C:\xampp\htdocs\rendi\system\CodeIgniter.php(933): App\Controllers\TestDB->index()
#4 C:\xampp\htdocs\rendi\system\CodeIgniter.php(507): CodeIgniter\CodeIgniter->runController(Object(App\Controllers\TestDB))
#5 C:\xampp\htdocs\rendi\system\CodeIgniter.php(354): CodeIgniter\CodeIgniter->handleRequest(NULL, Object(Config\Cache), false)
#6 C:\xampp\htdocs\rendi\system\Boot.php(363): CodeIgniter\CodeIgniter->run()
#7 C:\xampp\htdocs\rendi\system\Boot.php(68): CodeIgniter\Boot::runCodeIgniter(Object(CodeIgniter\CodeIgniter))
#8 C:\xampp\htdocs\rendi\public\index.php(59): CodeIgniter\Boot::bootWeb(Object(Config\Paths))
#9 {main}
