DEBUG - 2026-01-13 04:42:18 --> Session: Class initialized using 'CodeIgniter\Session\Handlers\FileHandler' driver.
DEBUG - 2026-01-13 05:01:20 --> Session: Class initialized using 'CodeIgniter\Session\Handlers\FileHandler' driver.
DEBUG - 2026-01-13 05:01:22 --> Session: Class initialized using 'CodeIgniter\Session\Handlers\FileHandler' driver.
DEBUG - 2026-01-13 05:01:27 --> Session: Class initialized using 'CodeIgniter\Session\Handlers\FileHandler' driver.
DEBUG - 2026-01-13 05:01:30 --> Session: Class initialized using 'CodeIgniter\Session\Handlers\FileHandler' driver.
DEBUG - 2026-01-13 05:01:35 --> Session: Class initialized using 'CodeIgniter\Session\Handlers\FileHandler' driver.
DEBUG - 2026-01-13 05:01:42 --> Session: Class initialized using 'CodeIgniter\Session\Handlers\FileHandler' driver.
DEBUG - 2026-01-13 05:01:50 --> Session: Class initialized using 'CodeIgniter\Session\Handlers\FileHandler' driver.
DEBUG - 2026-01-13 05:06:59 --> Session: Class initialized using 'CodeIgniter\Session\Handlers\FileHandler' driver.
DEBUG - 2026-01-13 05:07:01 --> Session: Class initialized using 'CodeIgniter\Session\Handlers\FileHandler' driver.
DEBUG - 2026-01-13 05:13:53 --> Session: Class initialized using 'CodeIgniter\Session\Handlers\FileHandler' driver.
DEBUG - 2026-01-13 05:18:24 --> Session: Class initialized using 'CodeIgniter\Session\Handlers\FileHandler' driver.
DEBUG - 2026-01-13 05:18:26 --> Session: Class initialized using 'CodeIgniter\Session\Handlers\FileHandler' driver.
DEBUG - 2026-01-13 05:18:45 --> Session: Class initialized using 'CodeIgniter\Session\Handlers\FileHandler' driver.
DEBUG - 2026-01-13 05:18:49 --> Session: Class initialized using 'CodeIgniter\Session\Handlers\FileHandler' driver.
DEBUG - 2026-01-13 05:20:18 --> Session: Class initialized using 'CodeIgniter\Session\Handlers\FileHandler' driver.
DEBUG - 2026-01-13 05:20:19 --> Session: Class initialized using 'CodeIgniter\Session\Handlers\FileHandler' driver.
DEBUG - 2026-01-13 05:20:20 --> Session: Class initialized using 'CodeIgniter\Session\Handlers\FileHandler' driver.
DEBUG - 2026-01-13 05:20:21 --> Session: Class initialized using 'CodeIgniter\Session\Handlers\FileHandler' driver.
DEBUG - 2026-01-13 05:20:29 --> Session: Class initialized using 'CodeIgniter\Session\Handlers\FileHandler' driver.
DEBUG - 2026-01-13 05:20:29 --> Session: Class initialized using 'CodeIgniter\Session\Handlers\FileHandler' driver.
DEBUG - 2026-01-13 05:20:35 --> Session: Class initialized using 'CodeIgniter\Session\Handlers\FileHandler' driver.
DEBUG - 2026-01-13 05:20:35 --> Session: Class initialized using 'CodeIgniter\Session\Handlers\FileHandler' driver.
DEBUG - 2026-01-13 05:20:38 --> Session: Class initialized using 'CodeIgniter\Session\Handlers\FileHandler' driver.
DEBUG - 2026-01-13 05:25:07 --> Session: Class initialized using 'CodeIgniter\Session\Handlers\FileHandler' driver.
DEBUG - 2026-01-13 05:26:13 --> Session: Class initialized using 'CodeIgniter\Session\Handlers\FileHandler' driver.
DEBUG - 2026-01-13 05:26:15 --> Session: Class initialized using 'CodeIgniter\Session\Handlers\FileHandler' driver.
DEBUG - 2026-01-13 05:26:16 --> Session: Class initialized using 'CodeIgniter\Session\Handlers\FileHandler' driver.
DEBUG - 2026-01-13 05:26:19 --> Session: Class initialized using 'CodeIgniter\Session\Handlers\FileHandler' driver.
DEBUG - 2026-01-13 05:26:21 --> Session: Class initialized using 'CodeIgniter\Session\Handlers\FileHandler' driver.
DEBUG - 2026-01-13 05:26:22 --> Session: Class initialized using 'CodeIgniter\Session\Handlers\FileHandler' driver.
DEBUG - 2026-01-13 05:26:22 --> Session: Class initialized using 'CodeIgniter\Session\Handlers\FileHandler' driver.
DEBUG - 2026-01-13 05:26:35 --> Session: Class initialized using 'CodeIgniter\Session\Handlers\FileHandler' driver.
DEBUG - 2026-01-13 05:26:52 --> Session: Class initialized using 'CodeIgniter\Session\Handlers\FileHandler' driver.
DEBUG - 2026-01-13 05:27:18 --> Session: Class initialized using 'CodeIgniter\Session\Handlers\FileHandler' driver.
DEBUG - 2026-01-13 05:27:20 --> Session: Class initialized using 'CodeIgniter\Session\Handlers\FileHandler' driver.
DEBUG - 2026-01-13 05:27:21 --> Session: Class initialized using 'CodeIgniter\Session\Handlers\FileHandler' driver.
DEBUG - 2026-01-13 05:27:33 --> Session: Class initialized using 'CodeIgniter\Session\Handlers\FileHandler' driver.
DEBUG - 2026-01-13 05:28:41 --> Session: Class initialized using 'CodeIgniter\Session\Handlers\FileHandler' driver.
ERROR - 2026-01-13 05:28:41 --> mysqli_sql_exception: Unknown column 'items.id_item' in 'on clause' in C:\xampp\htdocs\rendi\system\Database\MySQLi\Connection.php:327
Stack trace:
#0 C:\xampp\htdocs\rendi\system\Database\MySQLi\Connection.php(327): mysqli->query('SELECT `items`....', 0)
#1 C:\xampp\htdocs\rendi\system\Database\BaseConnection.php(729): CodeIgniter\Database\MySQLi\Connection->execute('SELECT `items`....')
#2 C:\xampp\htdocs\rendi\system\Database\BaseConnection.php(646): CodeIgniter\Database\BaseConnection->simpleQuery('SELECT `items`....')
#3 C:\xampp\htdocs\rendi\system\Database\BaseBuilder.php(1649): CodeIgniter\Database\BaseConnection->query('SELECT `items`....', Array, false)
#4 C:\xampp\htdocs\rendi\app\Controllers\Report.php(38): CodeIgniter\Database\BaseBuilder->get()
#5 C:\xampp\htdocs\rendi\system\CodeIgniter.php(933): App\Controllers\Report->sales()
#6 C:\xampp\htdocs\rendi\system\CodeIgniter.php(507): CodeIgniter\CodeIgniter->runController(Object(App\Controllers\Report))
#7 C:\xampp\htdocs\rendi\system\CodeIgniter.php(354): CodeIgniter\CodeIgniter->handleRequest(NULL, Object(Config\Cache), false)
#8 C:\xampp\htdocs\rendi\system\Boot.php(363): CodeIgniter\CodeIgniter->run()
#9 C:\xampp\htdocs\rendi\system\Boot.php(68): CodeIgniter\Boot::runCodeIgniter(Object(CodeIgniter\CodeIgniter))
#10 C:\xampp\htdocs\rendi\public\index.php(59): CodeIgniter\Boot::bootWeb(Object(Config\Paths))
#11 {main}
CRITICAL - 2026-01-13 05:28:41 --> CodeIgniter\Database\Exceptions\DatabaseException: Unknown column 'items.id_item' in 'on clause'
[Method: GET, Route: report/sales]
in SYSTEMPATH\Database\BaseConnection.php on line 684.
 1 SYSTEMPATH\Database\BaseBuilder.php(1649): CodeIgniter\Database\BaseConnection->query('SELECT `items`.`item_name`, SUM(order_items.quantity) as total_qty
FROM `order_items`
JOIN `items` ON `items`.`id_item` = `order_items`.`id_item`
JOIN `orders` ON `orders`.`order_id` = `order_items`.`order_id`
WHERE `orders`.`order_date` >= :orders.order_date:
AND `orders`.`order_date` <= :orders.order_date.1:
GROUP BY `order_items`.`id_item`
ORDER BY `total_qty` DESC
 LIMIT 5', [...], false)
 2 APPPATH\Controllers\Report.php(38): CodeIgniter\Database\BaseBuilder->get()
 3 SYSTEMPATH\CodeIgniter.php(933): App\Controllers\Report->sales()
 4 SYSTEMPATH\CodeIgniter.php(507): CodeIgniter\CodeIgniter->runController(Object(App\Controllers\Report))
 5 SYSTEMPATH\CodeIgniter.php(354): CodeIgniter\CodeIgniter->handleRequest(null, Object(Config\Cache), false)
 6 SYSTEMPATH\Boot.php(363): CodeIgniter\CodeIgniter->run()
 7 SYSTEMPATH\Boot.php(68): CodeIgniter\Boot::runCodeIgniter(Object(CodeIgniter\CodeIgniter))
 8 FCPATH\index.php(59): CodeIgniter\Boot::bootWeb(Object(Config\Paths))
CRITICAL - 2026-01-13 05:28:41 --> [Caused by] CodeIgniter\Database\Exceptions\DatabaseException: Unknown column 'items.id_item' in 'on clause'
in SYSTEMPATH\Database\MySQLi\Connection.php on line 332.
 1 SYSTEMPATH\Database\BaseConnection.php(729): CodeIgniter\Database\MySQLi\Connection->execute('SELECT `items`.`item_name`, SUM(order_items.quantity) as total_qty
FROM `order_items`
JOIN `items` ON `items`.`id_item` = `order_items`.`id_item`
JOIN `orders` ON `orders`.`order_id` = `order_items`.`order_id`
WHERE `orders`.`order_date` >= \'2026-01-08 00:00:00\'
AND `orders`.`order_date` <= \'2026-01-13 23:59:59\'
GROUP BY `order_items`.`id_item`
ORDER BY `total_qty` DESC
 LIMIT 5')
 2 SYSTEMPATH\Database\BaseConnection.php(646): CodeIgniter\Database\BaseConnection->simpleQuery('SELECT `items`.`item_name`, SUM(order_items.quantity) as total_qty
FROM `order_items`
JOIN `items` ON `items`.`id_item` = `order_items`.`id_item`
JOIN `orders` ON `orders`.`order_id` = `order_items`.`order_id`
WHERE `orders`.`order_date` >= \'2026-01-08 00:00:00\'
AND `orders`.`order_date` <= \'2026-01-13 23:59:59\'
GROUP BY `order_items`.`id_item`
ORDER BY `total_qty` DESC
 LIMIT 5')
 3 SYSTEMPATH\Database\BaseBuilder.php(1649): CodeIgniter\Database\BaseConnection->query('SELECT `items`.`item_name`, SUM(order_items.quantity) as total_qty
FROM `order_items`
JOIN `items` ON `items`.`id_item` = `order_items`.`id_item`
JOIN `orders` ON `orders`.`order_id` = `order_items`.`order_id`
WHERE `orders`.`order_date` >= :orders.order_date:
AND `orders`.`order_date` <= :orders.order_date.1:
GROUP BY `order_items`.`id_item`
ORDER BY `total_qty` DESC
 LIMIT 5', [...], false)
 4 APPPATH\Controllers\Report.php(38): CodeIgniter\Database\BaseBuilder->get()
 5 SYSTEMPATH\CodeIgniter.php(933): App\Controllers\Report->sales()
 6 SYSTEMPATH\CodeIgniter.php(507): CodeIgniter\CodeIgniter->runController(Object(App\Controllers\Report))
 7 SYSTEMPATH\CodeIgniter.php(354): CodeIgniter\CodeIgniter->handleRequest(null, Object(Config\Cache), false)
 8 SYSTEMPATH\Boot.php(363): CodeIgniter\CodeIgniter->run()
 9 SYSTEMPATH\Boot.php(68): CodeIgniter\Boot::runCodeIgniter(Object(CodeIgniter\CodeIgniter))
10 FCPATH\index.php(59): CodeIgniter\Boot::bootWeb(Object(Config\Paths))
CRITICAL - 2026-01-13 05:28:41 --> [Caused by] mysqli_sql_exception: Unknown column 'items.id_item' in 'on clause'
in SYSTEMPATH\Database\MySQLi\Connection.php on line 327.
 1 SYSTEMPATH\Database\MySQLi\Connection.php(327): mysqli->query('SELECT `items`.`item_name`, SUM(order_items.quantity) as total_qty
FROM `order_items`
JOIN `items` ON `items`.`id_item` = `order_items`.`id_item`
JOIN `orders` ON `orders`.`order_id` = `order_items`.`order_id`
WHERE `orders`.`order_date` >= \'2026-01-08 00:00:00\'
AND `orders`.`order_date` <= \'2026-01-13 23:59:59\'
GROUP BY `order_items`.`id_item`
ORDER BY `total_qty` DESC
 LIMIT 5', 0)
 2 SYSTEMPATH\Database\BaseConnection.php(729): CodeIgniter\Database\MySQLi\Connection->execute('SELECT `items`.`item_name`, SUM(order_items.quantity) as total_qty
FROM `order_items`
JOIN `items` ON `items`.`id_item` = `order_items`.`id_item`
JOIN `orders` ON `orders`.`order_id` = `order_items`.`order_id`
WHERE `orders`.`order_date` >= \'2026-01-08 00:00:00\'
AND `orders`.`order_date` <= \'2026-01-13 23:59:59\'
GROUP BY `order_items`.`id_item`
ORDER BY `total_qty` DESC
 LIMIT 5')
 3 SYSTEMPATH\Database\BaseConnection.php(646): CodeIgniter\Database\BaseConnection->simpleQuery('SELECT `items`.`item_name`, SUM(order_items.quantity) as total_qty
FROM `order_items`
JOIN `items` ON `items`.`id_item` = `order_items`.`id_item`
JOIN `orders` ON `orders`.`order_id` = `order_items`.`order_id`
WHERE `orders`.`order_date` >= \'2026-01-08 00:00:00\'
AND `orders`.`order_date` <= \'2026-01-13 23:59:59\'
GROUP BY `order_items`.`id_item`
ORDER BY `total_qty` DESC
 LIMIT 5')
 4 SYSTEMPATH\Database\BaseBuilder.php(1649): CodeIgniter\Database\BaseConnection->query('SELECT `items`.`item_name`, SUM(order_items.quantity) as total_qty
FROM `order_items`
JOIN `items` ON `items`.`id_item` = `order_items`.`id_item`
JOIN `orders` ON `orders`.`order_id` = `order_items`.`order_id`
WHERE `orders`.`order_date` >= :orders.order_date:
AND `orders`.`order_date` <= :orders.order_date.1:
GROUP BY `order_items`.`id_item`
ORDER BY `total_qty` DESC
 LIMIT 5', [...], false)
 5 APPPATH\Controllers\Report.php(38): CodeIgniter\Database\BaseBuilder->get()
 6 SYSTEMPATH\CodeIgniter.php(933): App\Controllers\Report->sales()
 7 SYSTEMPATH\CodeIgniter.php(507): CodeIgniter\CodeIgniter->runController(Object(App\Controllers\Report))
 8 SYSTEMPATH\CodeIgniter.php(354): CodeIgniter\CodeIgniter->handleRequest(null, Object(Config\Cache), false)
 9 SYSTEMPATH\Boot.php(363): CodeIgniter\CodeIgniter->run()
10 SYSTEMPATH\Boot.php(68): CodeIgniter\Boot::runCodeIgniter(Object(CodeIgniter\CodeIgniter))
11 FCPATH\index.php(59): CodeIgniter\Boot::bootWeb(Object(Config\Paths))
DEBUG - 2026-01-13 05:29:25 --> Session: Class initialized using 'CodeIgniter\Session\Handlers\FileHandler' driver.
ERROR - 2026-01-13 05:29:25 --> mysqli_sql_exception: Unknown column 'items.id_item' in 'on clause' in C:\xampp\htdocs\rendi\system\Database\MySQLi\Connection.php:327
Stack trace:
#0 C:\xampp\htdocs\rendi\system\Database\MySQLi\Connection.php(327): mysqli->query('SELECT `items`....', 0)
#1 C:\xampp\htdocs\rendi\system\Database\BaseConnection.php(729): CodeIgniter\Database\MySQLi\Connection->execute('SELECT `items`....')
#2 C:\xampp\htdocs\rendi\system\Database\BaseConnection.php(646): CodeIgniter\Database\BaseConnection->simpleQuery('SELECT `items`....')
#3 C:\xampp\htdocs\rendi\system\Database\BaseBuilder.php(1649): CodeIgniter\Database\BaseConnection->query('SELECT `items`....', Array, false)
#4 C:\xampp\htdocs\rendi\app\Controllers\Report.php(40): CodeIgniter\Database\BaseBuilder->get()
#5 C:\xampp\htdocs\rendi\system\CodeIgniter.php(933): App\Controllers\Report->sales()
#6 C:\xampp\htdocs\rendi\system\CodeIgniter.php(507): CodeIgniter\CodeIgniter->runController(Object(App\Controllers\Report))
#7 C:\xampp\htdocs\rendi\system\CodeIgniter.php(354): CodeIgniter\CodeIgniter->handleRequest(NULL, Object(Config\Cache), false)
#8 C:\xampp\htdocs\rendi\system\Boot.php(363): CodeIgniter\CodeIgniter->run()
#9 C:\xampp\htdocs\rendi\system\Boot.php(68): CodeIgniter\Boot::runCodeIgniter(Object(CodeIgniter\CodeIgniter))
#10 C:\xampp\htdocs\rendi\public\index.php(59): CodeIgniter\Boot::bootWeb(Object(Config\Paths))
#11 {main}
CRITICAL - 2026-01-13 05:29:25 --> CodeIgniter\Database\Exceptions\DatabaseException: Unknown column 'items.id_item' in 'on clause'
[Method: GET, Route: report/sales]
in SYSTEMPATH\Database\BaseConnection.php on line 684.
 1 SYSTEMPATH\Database\BaseBuilder.php(1649): CodeIgniter\Database\BaseConnection->query('SELECT `items`.`item_name`, SUM(order_items.quantity) as total_qty
FROM `order_items`
JOIN `items` ON `items`.`id_item` = `order_items`.`id_item`
JOIN `orders` ON `orders`.`order_id` = `order_items`.`order_id`
WHERE `orders`.`order_date` >= :orders.order_date:
AND `orders`.`order_date` <= :orders.order_date.1:
GROUP BY `order_items`.`id_item`
ORDER BY `total_qty` DESC
 LIMIT 5', [...], false)
 2 APPPATH\Controllers\Report.php(40): CodeIgniter\Database\BaseBuilder->get()
 3 SYSTEMPATH\CodeIgniter.php(933): App\Controllers\Report->sales()
 4 SYSTEMPATH\CodeIgniter.php(507): CodeIgniter\CodeIgniter->runController(Object(App\Controllers\Report))
 5 SYSTEMPATH\CodeIgniter.php(354): CodeIgniter\CodeIgniter->handleRequest(null, Object(Config\Cache), false)
 6 SYSTEMPATH\Boot.php(363): CodeIgniter\CodeIgniter->run()
 7 SYSTEMPATH\Boot.php(68): CodeIgniter\Boot::runCodeIgniter(Object(CodeIgniter\CodeIgniter))
 8 FCPATH\index.php(59): CodeIgniter\Boot::bootWeb(Object(Config\Paths))
CRITICAL - 2026-01-13 05:29:25 --> [Caused by] CodeIgniter\Database\Exceptions\DatabaseException: Unknown column 'items.id_item' in 'on clause'
in SYSTEMPATH\Database\MySQLi\Connection.php on line 332.
 1 SYSTEMPATH\Database\BaseConnection.php(729): CodeIgniter\Database\MySQLi\Connection->execute('SELECT `items`.`item_name`, SUM(order_items.quantity) as total_qty
FROM `order_items`
JOIN `items` ON `items`.`id_item` = `order_items`.`id_item`
JOIN `orders` ON `orders`.`order_id` = `order_items`.`order_id`
WHERE `orders`.`order_date` >= \'2026-01-08 00:00:00\'
AND `orders`.`order_date` <= \'2026-01-13 23:59:59\'
GROUP BY `order_items`.`id_item`
ORDER BY `total_qty` DESC
 LIMIT 5')
 2 SYSTEMPATH\Database\BaseConnection.php(646): CodeIgniter\Database\BaseConnection->simpleQuery('SELECT `items`.`item_name`, SUM(order_items.quantity) as total_qty
FROM `order_items`
JOIN `items` ON `items`.`id_item` = `order_items`.`id_item`
JOIN `orders` ON `orders`.`order_id` = `order_items`.`order_id`
WHERE `orders`.`order_date` >= \'2026-01-08 00:00:00\'
AND `orders`.`order_date` <= \'2026-01-13 23:59:59\'
GROUP BY `order_items`.`id_item`
ORDER BY `total_qty` DESC
 LIMIT 5')
 3 SYSTEMPATH\Database\BaseBuilder.php(1649): CodeIgniter\Database\BaseConnection->query('SELECT `items`.`item_name`, SUM(order_items.quantity) as total_qty
FROM `order_items`
JOIN `items` ON `items`.`id_item` = `order_items`.`id_item`
JOIN `orders` ON `orders`.`order_id` = `order_items`.`order_id`
WHERE `orders`.`order_date` >= :orders.order_date:
AND `orders`.`order_date` <= :orders.order_date.1:
GROUP BY `order_items`.`id_item`
ORDER BY `total_qty` DESC
 LIMIT 5', [...], false)
 4 APPPATH\Controllers\Report.php(40): CodeIgniter\Database\BaseBuilder->get()
 5 SYSTEMPATH\CodeIgniter.php(933): App\Controllers\Report->sales()
 6 SYSTEMPATH\CodeIgniter.php(507): CodeIgniter\CodeIgniter->runController(Object(App\Controllers\Report))
 7 SYSTEMPATH\CodeIgniter.php(354): CodeIgniter\CodeIgniter->handleRequest(null, Object(Config\Cache), false)
 8 SYSTEMPATH\Boot.php(363): CodeIgniter\CodeIgniter->run()
 9 SYSTEMPATH\Boot.php(68): CodeIgniter\Boot::runCodeIgniter(Object(CodeIgniter\CodeIgniter))
10 FCPATH\index.php(59): CodeIgniter\Boot::bootWeb(Object(Config\Paths))
CRITICAL - 2026-01-13 05:29:25 --> [Caused by] mysqli_sql_exception: Unknown column 'items.id_item' in 'on clause'
in SYSTEMPATH\Database\MySQLi\Connection.php on line 327.
 1 SYSTEMPATH\Database\MySQLi\Connection.php(327): mysqli->query('SELECT `items`.`item_name`, SUM(order_items.quantity) as total_qty
FROM `order_items`
JOIN `items` ON `items`.`id_item` = `order_items`.`id_item`
JOIN `orders` ON `orders`.`order_id` = `order_items`.`order_id`
WHERE `orders`.`order_date` >= \'2026-01-08 00:00:00\'
AND `orders`.`order_date` <= \'2026-01-13 23:59:59\'
GROUP BY `order_items`.`id_item`
ORDER BY `total_qty` DESC
 LIMIT 5', 0)
 2 SYSTEMPATH\Database\BaseConnection.php(729): CodeIgniter\Database\MySQLi\Connection->execute('SELECT `items`.`item_name`, SUM(order_items.quantity) as total_qty
FROM `order_items`
JOIN `items` ON `items`.`id_item` = `order_items`.`id_item`
JOIN `orders` ON `orders`.`order_id` = `order_items`.`order_id`
WHERE `orders`.`order_date` >= \'2026-01-08 00:00:00\'
AND `orders`.`order_date` <= \'2026-01-13 23:59:59\'
GROUP BY `order_items`.`id_item`
ORDER BY `total_qty` DESC
 LIMIT 5')
 3 SYSTEMPATH\Database\BaseConnection.php(646): CodeIgniter\Database\BaseConnection->simpleQuery('SELECT `items`.`item_name`, SUM(order_items.quantity) as total_qty
FROM `order_items`
JOIN `items` ON `items`.`id_item` = `order_items`.`id_item`
JOIN `orders` ON `orders`.`order_id` = `order_items`.`order_id`
WHERE `orders`.`order_date` >= \'2026-01-08 00:00:00\'
AND `orders`.`order_date` <= \'2026-01-13 23:59:59\'
GROUP BY `order_items`.`id_item`
ORDER BY `total_qty` DESC
 LIMIT 5')
 4 SYSTEMPATH\Database\BaseBuilder.php(1649): CodeIgniter\Database\BaseConnection->query('SELECT `items`.`item_name`, SUM(order_items.quantity) as total_qty
FROM `order_items`
JOIN `items` ON `items`.`id_item` = `order_items`.`id_item`
JOIN `orders` ON `orders`.`order_id` = `order_items`.`order_id`
WHERE `orders`.`order_date` >= :orders.order_date:
AND `orders`.`order_date` <= :orders.order_date.1:
GROUP BY `order_items`.`id_item`
ORDER BY `total_qty` DESC
 LIMIT 5', [...], false)
 5 APPPATH\Controllers\Report.php(40): CodeIgniter\Database\BaseBuilder->get()
 6 SYSTEMPATH\CodeIgniter.php(933): App\Controllers\Report->sales()
 7 SYSTEMPATH\CodeIgniter.php(507): CodeIgniter\CodeIgniter->runController(Object(App\Controllers\Report))
 8 SYSTEMPATH\CodeIgniter.php(354): CodeIgniter\CodeIgniter->handleRequest(null, Object(Config\Cache), false)
 9 SYSTEMPATH\Boot.php(363): CodeIgniter\CodeIgniter->run()
10 SYSTEMPATH\Boot.php(68): CodeIgniter\Boot::runCodeIgniter(Object(CodeIgniter\CodeIgniter))
11 FCPATH\index.php(59): CodeIgniter\Boot::bootWeb(Object(Config\Paths))
DEBUG - 2026-01-13 05:29:26 --> Session: Class initialized using 'CodeIgniter\Session\Handlers\FileHandler' driver.
ERROR - 2026-01-13 05:29:26 --> mysqli_sql_exception: Unknown column 'items.id_item' in 'on clause' in C:\xampp\htdocs\rendi\system\Database\MySQLi\Connection.php:327
Stack trace:
#0 C:\xampp\htdocs\rendi\system\Database\MySQLi\Connection.php(327): mysqli->query('SELECT `items`....', 0)
#1 C:\xampp\htdocs\rendi\system\Database\BaseConnection.php(729): CodeIgniter\Database\MySQLi\Connection->execute('SELECT `items`....')
#2 C:\xampp\htdocs\rendi\system\Database\BaseConnection.php(646): CodeIgniter\Database\BaseConnection->simpleQuery('SELECT `items`....')
#3 C:\xampp\htdocs\rendi\system\Database\BaseBuilder.php(1649): CodeIgniter\Database\BaseConnection->query('SELECT `items`....', Array, false)
#4 C:\xampp\htdocs\rendi\app\Controllers\Report.php(40): CodeIgniter\Database\BaseBuilder->get()
#5 C:\xampp\htdocs\rendi\system\CodeIgniter.php(933): App\Controllers\Report->sales()
#6 C:\xampp\htdocs\rendi\system\CodeIgniter.php(507): CodeIgniter\CodeIgniter->runController(Object(App\Controllers\Report))
#7 C:\xampp\htdocs\rendi\system\CodeIgniter.php(354): CodeIgniter\CodeIgniter->handleRequest(NULL, Object(Config\Cache), false)
#8 C:\xampp\htdocs\rendi\system\Boot.php(363): CodeIgniter\CodeIgniter->run()
#9 C:\xampp\htdocs\rendi\system\Boot.php(68): CodeIgniter\Boot::runCodeIgniter(Object(CodeIgniter\CodeIgniter))
#10 C:\xampp\htdocs\rendi\public\index.php(59): CodeIgniter\Boot::bootWeb(Object(Config\Paths))
#11 {main}
CRITICAL - 2026-01-13 05:29:26 --> CodeIgniter\Database\Exceptions\DatabaseException: Unknown column 'items.id_item' in 'on clause'
[Method: GET, Route: report/sales]
in SYSTEMPATH\Database\BaseConnection.php on line 684.
 1 SYSTEMPATH\Database\BaseBuilder.php(1649): CodeIgniter\Database\BaseConnection->query('SELECT `items`.`item_name`, SUM(order_items.quantity) as total_qty
FROM `order_items`
JOIN `items` ON `items`.`id_item` = `order_items`.`id_item`
JOIN `orders` ON `orders`.`order_id` = `order_items`.`order_id`
WHERE `orders`.`order_date` >= :orders.order_date:
AND `orders`.`order_date` <= :orders.order_date.1:
GROUP BY `order_items`.`id_item`
ORDER BY `total_qty` DESC
 LIMIT 5', [...], false)
 2 APPPATH\Controllers\Report.php(40): CodeIgniter\Database\BaseBuilder->get()
 3 SYSTEMPATH\CodeIgniter.php(933): App\Controllers\Report->sales()
 4 SYSTEMPATH\CodeIgniter.php(507): CodeIgniter\CodeIgniter->runController(Object(App\Controllers\Report))
 5 SYSTEMPATH\CodeIgniter.php(354): CodeIgniter\CodeIgniter->handleRequest(null, Object(Config\Cache), false)
 6 SYSTEMPATH\Boot.php(363): CodeIgniter\CodeIgniter->run()
 7 SYSTEMPATH\Boot.php(68): CodeIgniter\Boot::runCodeIgniter(Object(CodeIgniter\CodeIgniter))
 8 FCPATH\index.php(59): CodeIgniter\Boot::bootWeb(Object(Config\Paths))
CRITICAL - 2026-01-13 05:29:26 --> [Caused by] CodeIgniter\Database\Exceptions\DatabaseException: Unknown column 'items.id_item' in 'on clause'
in SYSTEMPATH\Database\MySQLi\Connection.php on line 332.
 1 SYSTEMPATH\Database\BaseConnection.php(729): CodeIgniter\Database\MySQLi\Connection->execute('SELECT `items`.`item_name`, SUM(order_items.quantity) as total_qty
FROM `order_items`
JOIN `items` ON `items`.`id_item` = `order_items`.`id_item`
JOIN `orders` ON `orders`.`order_id` = `order_items`.`order_id`
WHERE `orders`.`order_date` >= \'2026-01-08 00:00:00\'
AND `orders`.`order_date` <= \'2026-01-13 23:59:59\'
GROUP BY `order_items`.`id_item`
ORDER BY `total_qty` DESC
 LIMIT 5')
 2 SYSTEMPATH\Database\BaseConnection.php(646): CodeIgniter\Database\BaseConnection->simpleQuery('SELECT `items`.`item_name`, SUM(order_items.quantity) as total_qty
FROM `order_items`
JOIN `items` ON `items`.`id_item` = `order_items`.`id_item`
JOIN `orders` ON `orders`.`order_id` = `order_items`.`order_id`
WHERE `orders`.`order_date` >= \'2026-01-08 00:00:00\'
AND `orders`.`order_date` <= \'2026-01-13 23:59:59\'
GROUP BY `order_items`.`id_item`
ORDER BY `total_qty` DESC
 LIMIT 5')
 3 SYSTEMPATH\Database\BaseBuilder.php(1649): CodeIgniter\Database\BaseConnection->query('SELECT `items`.`item_name`, SUM(order_items.quantity) as total_qty
FROM `order_items`
JOIN `items` ON `items`.`id_item` = `order_items`.`id_item`
JOIN `orders` ON `orders`.`order_id` = `order_items`.`order_id`
WHERE `orders`.`order_date` >= :orders.order_date:
AND `orders`.`order_date` <= :orders.order_date.1:
GROUP BY `order_items`.`id_item`
ORDER BY `total_qty` DESC
 LIMIT 5', [...], false)
 4 APPPATH\Controllers\Report.php(40): CodeIgniter\Database\BaseBuilder->get()
 5 SYSTEMPATH\CodeIgniter.php(933): App\Controllers\Report->sales()
 6 SYSTEMPATH\CodeIgniter.php(507): CodeIgniter\CodeIgniter->runController(Object(App\Controllers\Report))
 7 SYSTEMPATH\CodeIgniter.php(354): CodeIgniter\CodeIgniter->handleRequest(null, Object(Config\Cache), false)
 8 SYSTEMPATH\Boot.php(363): CodeIgniter\CodeIgniter->run()
 9 SYSTEMPATH\Boot.php(68): CodeIgniter\Boot::runCodeIgniter(Object(CodeIgniter\CodeIgniter))
10 FCPATH\index.php(59): CodeIgniter\Boot::bootWeb(Object(Config\Paths))
CRITICAL - 2026-01-13 05:29:26 --> [Caused by] mysqli_sql_exception: Unknown column 'items.id_item' in 'on clause'
in SYSTEMPATH\Database\MySQLi\Connection.php on line 327.
 1 SYSTEMPATH\Database\MySQLi\Connection.php(327): mysqli->query('SELECT `items`.`item_name`, SUM(order_items.quantity) as total_qty
FROM `order_items`
JOIN `items` ON `items`.`id_item` = `order_items`.`id_item`
JOIN `orders` ON `orders`.`order_id` = `order_items`.`order_id`
WHERE `orders`.`order_date` >= \'2026-01-08 00:00:00\'
AND `orders`.`order_date` <= \'2026-01-13 23:59:59\'
GROUP BY `order_items`.`id_item`
ORDER BY `total_qty` DESC
 LIMIT 5', 0)
 2 SYSTEMPATH\Database\BaseConnection.php(729): CodeIgniter\Database\MySQLi\Connection->execute('SELECT `items`.`item_name`, SUM(order_items.quantity) as total_qty
FROM `order_items`
JOIN `items` ON `items`.`id_item` = `order_items`.`id_item`
JOIN `orders` ON `orders`.`order_id` = `order_items`.`order_id`
WHERE `orders`.`order_date` >= \'2026-01-08 00:00:00\'
AND `orders`.`order_date` <= \'2026-01-13 23:59:59\'
GROUP BY `order_items`.`id_item`
ORDER BY `total_qty` DESC
 LIMIT 5')
 3 SYSTEMPATH\Database\BaseConnection.php(646): CodeIgniter\Database\BaseConnection->simpleQuery('SELECT `items`.`item_name`, SUM(order_items.quantity) as total_qty
FROM `order_items`
JOIN `items` ON `items`.`id_item` = `order_items`.`id_item`
JOIN `orders` ON `orders`.`order_id` = `order_items`.`order_id`
WHERE `orders`.`order_date` >= \'2026-01-08 00:00:00\'
AND `orders`.`order_date` <= \'2026-01-13 23:59:59\'
GROUP BY `order_items`.`id_item`
ORDER BY `total_qty` DESC
 LIMIT 5')
 4 SYSTEMPATH\Database\BaseBuilder.php(1649): CodeIgniter\Database\BaseConnection->query('SELECT `items`.`item_name`, SUM(order_items.quantity) as total_qty
FROM `order_items`
JOIN `items` ON `items`.`id_item` = `order_items`.`id_item`
JOIN `orders` ON `orders`.`order_id` = `order_items`.`order_id`
WHERE `orders`.`order_date` >= :orders.order_date:
AND `orders`.`order_date` <= :orders.order_date.1:
GROUP BY `order_items`.`id_item`
ORDER BY `total_qty` DESC
 LIMIT 5', [...], false)
 5 APPPATH\Controllers\Report.php(40): CodeIgniter\Database\BaseBuilder->get()
 6 SYSTEMPATH\CodeIgniter.php(933): App\Controllers\Report->sales()
 7 SYSTEMPATH\CodeIgniter.php(507): CodeIgniter\CodeIgniter->runController(Object(App\Controllers\Report))
 8 SYSTEMPATH\CodeIgniter.php(354): CodeIgniter\CodeIgniter->handleRequest(null, Object(Config\Cache), false)
 9 SYSTEMPATH\Boot.php(363): CodeIgniter\CodeIgniter->run()
10 SYSTEMPATH\Boot.php(68): CodeIgniter\Boot::runCodeIgniter(Object(CodeIgniter\CodeIgniter))
11 FCPATH\index.php(59): CodeIgniter\Boot::bootWeb(Object(Config\Paths))
DEBUG - 2026-01-13 05:29:30 --> Session: Class initialized using 'CodeIgniter\Session\Handlers\FileHandler' driver.
DEBUG - 2026-01-13 05:29:58 --> Session: Class initialized using 'CodeIgniter\Session\Handlers\FileHandler' driver.
ERROR - 2026-01-13 05:29:58 --> mysqli_sql_exception: Unknown column 'items.id_item' in 'on clause' in C:\xampp\htdocs\rendi\system\Database\MySQLi\Connection.php:327
Stack trace:
#0 C:\xampp\htdocs\rendi\system\Database\MySQLi\Connection.php(327): mysqli->query('SELECT `items`....', 0)
#1 C:\xampp\htdocs\rendi\system\Database\BaseConnection.php(729): CodeIgniter\Database\MySQLi\Connection->execute('SELECT `items`....')
#2 C:\xampp\htdocs\rendi\system\Database\BaseConnection.php(646): CodeIgniter\Database\BaseConnection->simpleQuery('SELECT `items`....')
#3 C:\xampp\htdocs\rendi\system\Database\BaseBuilder.php(1649): CodeIgniter\Database\BaseConnection->query('SELECT `items`....', Array, false)
#4 C:\xampp\htdocs\rendi\app\Controllers\Report.php(40): CodeIgniter\Database\BaseBuilder->get()
#5 C:\xampp\htdocs\rendi\system\CodeIgniter.php(933): App\Controllers\Report->sales()
#6 C:\xampp\htdocs\rendi\system\CodeIgniter.php(507): CodeIgniter\CodeIgniter->runController(Object(App\Controllers\Report))
#7 C:\xampp\htdocs\rendi\system\CodeIgniter.php(354): CodeIgniter\CodeIgniter->handleRequest(NULL, Object(Config\Cache), false)
#8 C:\xampp\htdocs\rendi\system\Boot.php(363): CodeIgniter\CodeIgniter->run()
#9 C:\xampp\htdocs\rendi\system\Boot.php(68): CodeIgniter\Boot::runCodeIgniter(Object(CodeIgniter\CodeIgniter))
#10 C:\xampp\htdocs\rendi\public\index.php(59): CodeIgniter\Boot::bootWeb(Object(Config\Paths))
#11 {main}
CRITICAL - 2026-01-13 05:29:58 --> CodeIgniter\Database\Exceptions\DatabaseException: Unknown column 'items.id_item' in 'on clause'
[Method: GET, Route: report/sales]
in SYSTEMPATH\Database\BaseConnection.php on line 684.
 1 SYSTEMPATH\Database\BaseBuilder.php(1649): CodeIgniter\Database\BaseConnection->query('SELECT `items`.`item_name`, SUM(order_items.quantity) as total_qty
FROM `order_items`
JOIN `items` ON `items`.`id_item` = `order_items`.`id_item`
JOIN `orders` ON `orders`.`order_id` = `order_items`.`order_id`
WHERE `orders`.`order_date` >= :orders.order_date:
AND `orders`.`order_date` <= :orders.order_date.1:
GROUP BY `order_items`.`id_item`
ORDER BY `total_qty` DESC
 LIMIT 5', [...], false)
 2 APPPATH\Controllers\Report.php(40): CodeIgniter\Database\BaseBuilder->get()
 3 SYSTEMPATH\CodeIgniter.php(933): App\Controllers\Report->sales()
 4 SYSTEMPATH\CodeIgniter.php(507): CodeIgniter\CodeIgniter->runController(Object(App\Controllers\Report))
 5 SYSTEMPATH\CodeIgniter.php(354): CodeIgniter\CodeIgniter->handleRequest(null, Object(Config\Cache), false)
 6 SYSTEMPATH\Boot.php(363): CodeIgniter\CodeIgniter->run()
 7 SYSTEMPATH\Boot.php(68): CodeIgniter\Boot::runCodeIgniter(Object(CodeIgniter\CodeIgniter))
 8 FCPATH\index.php(59): CodeIgniter\Boot::bootWeb(Object(Config\Paths))
CRITICAL - 2026-01-13 05:29:58 --> [Caused by] CodeIgniter\Database\Exceptions\DatabaseException: Unknown column 'items.id_item' in 'on clause'
in SYSTEMPATH\Database\MySQLi\Connection.php on line 332.
 1 SYSTEMPATH\Database\BaseConnection.php(729): CodeIgniter\Database\MySQLi\Connection->execute('SELECT `items`.`item_name`, SUM(order_items.quantity) as total_qty
FROM `order_items`
JOIN `items` ON `items`.`id_item` = `order_items`.`id_item`
JOIN `orders` ON `orders`.`order_id` = `order_items`.`order_id`
WHERE `orders`.`order_date` >= \'2026-01-01 00:00:00\'
AND `orders`.`order_date` <= \'2026-01-13 23:59:59\'
GROUP BY `order_items`.`id_item`
ORDER BY `total_qty` DESC
 LIMIT 5')
 2 SYSTEMPATH\Database\BaseConnection.php(646): CodeIgniter\Database\BaseConnection->simpleQuery('SELECT `items`.`item_name`, SUM(order_items.quantity) as total_qty
FROM `order_items`
JOIN `items` ON `items`.`id_item` = `order_items`.`id_item`
JOIN `orders` ON `orders`.`order_id` = `order_items`.`order_id`
WHERE `orders`.`order_date` >= \'2026-01-01 00:00:00\'
AND `orders`.`order_date` <= \'2026-01-13 23:59:59\'
GROUP BY `order_items`.`id_item`
ORDER BY `total_qty` DESC
 LIMIT 5')
 3 SYSTEMPATH\Database\BaseBuilder.php(1649): CodeIgniter\Database\BaseConnection->query('SELECT `items`.`item_name`, SUM(order_items.quantity) as total_qty
FROM `order_items`
JOIN `items` ON `items`.`id_item` = `order_items`.`id_item`
JOIN `orders` ON `orders`.`order_id` = `order_items`.`order_id`
WHERE `orders`.`order_date` >= :orders.order_date:
AND `orders`.`order_date` <= :orders.order_date.1:
GROUP BY `order_items`.`id_item`
ORDER BY `total_qty` DESC
 LIMIT 5', [...], false)
 4 APPPATH\Controllers\Report.php(40): CodeIgniter\Database\BaseBuilder->get()
 5 SYSTEMPATH\CodeIgniter.php(933): App\Controllers\Report->sales()
 6 SYSTEMPATH\CodeIgniter.php(507): CodeIgniter\CodeIgniter->runController(Object(App\Controllers\Report))
 7 SYSTEMPATH\CodeIgniter.php(354): CodeIgniter\CodeIgniter->handleRequest(null, Object(Config\Cache), false)
 8 SYSTEMPATH\Boot.php(363): CodeIgniter\CodeIgniter->run()
 9 SYSTEMPATH\Boot.php(68): CodeIgniter\Boot::runCodeIgniter(Object(CodeIgniter\CodeIgniter))
10 FCPATH\index.php(59): CodeIgniter\Boot::bootWeb(Object(Config\Paths))
CRITICAL - 2026-01-13 05:29:58 --> [Caused by] mysqli_sql_exception: Unknown column 'items.id_item' in 'on clause'
in SYSTEMPATH\Database\MySQLi\Connection.php on line 327.
 1 SYSTEMPATH\Database\MySQLi\Connection.php(327): mysqli->query('SELECT `items`.`item_name`, SUM(order_items.quantity) as total_qty
FROM `order_items`
JOIN `items` ON `items`.`id_item` = `order_items`.`id_item`
JOIN `orders` ON `orders`.`order_id` = `order_items`.`order_id`
WHERE `orders`.`order_date` >= \'2026-01-01 00:00:00\'
AND `orders`.`order_date` <= \'2026-01-13 23:59:59\'
GROUP BY `order_items`.`id_item`
ORDER BY `total_qty` DESC
 LIMIT 5', 0)
 2 SYSTEMPATH\Database\BaseConnection.php(729): CodeIgniter\Database\MySQLi\Connection->execute('SELECT `items`.`item_name`, SUM(order_items.quantity) as total_qty
FROM `order_items`
JOIN `items` ON `items`.`id_item` = `order_items`.`id_item`
JOIN `orders` ON `orders`.`order_id` = `order_items`.`order_id`
WHERE `orders`.`order_date` >= \'2026-01-01 00:00:00\'
AND `orders`.`order_date` <= \'2026-01-13 23:59:59\'
GROUP BY `order_items`.`id_item`
ORDER BY `total_qty` DESC
 LIMIT 5')
 3 SYSTEMPATH\Database\BaseConnection.php(646): CodeIgniter\Database\BaseConnection->simpleQuery('SELECT `items`.`item_name`, SUM(order_items.quantity) as total_qty
FROM `order_items`
JOIN `items` ON `items`.`id_item` = `order_items`.`id_item`
JOIN `orders` ON `orders`.`order_id` = `order_items`.`order_id`
WHERE `orders`.`order_date` >= \'2026-01-01 00:00:00\'
AND `orders`.`order_date` <= \'2026-01-13 23:59:59\'
GROUP BY `order_items`.`id_item`
ORDER BY `total_qty` DESC
 LIMIT 5')
 4 SYSTEMPATH\Database\BaseBuilder.php(1649): CodeIgniter\Database\BaseConnection->query('SELECT `items`.`item_name`, SUM(order_items.quantity) as total_qty
FROM `order_items`
JOIN `items` ON `items`.`id_item` = `order_items`.`id_item`
JOIN `orders` ON `orders`.`order_id` = `order_items`.`order_id`
WHERE `orders`.`order_date` >= :orders.order_date:
AND `orders`.`order_date` <= :orders.order_date.1:
GROUP BY `order_items`.`id_item`
ORDER BY `total_qty` DESC
 LIMIT 5', [...], false)
 5 APPPATH\Controllers\Report.php(40): CodeIgniter\Database\BaseBuilder->get()
 6 SYSTEMPATH\CodeIgniter.php(933): App\Controllers\Report->sales()
 7 SYSTEMPATH\CodeIgniter.php(507): CodeIgniter\CodeIgniter->runController(Object(App\Controllers\Report))
 8 SYSTEMPATH\CodeIgniter.php(354): CodeIgniter\CodeIgniter->handleRequest(null, Object(Config\Cache), false)
 9 SYSTEMPATH\Boot.php(363): CodeIgniter\CodeIgniter->run()
10 SYSTEMPATH\Boot.php(68): CodeIgniter\Boot::runCodeIgniter(Object(CodeIgniter\CodeIgniter))
11 FCPATH\index.php(59): CodeIgniter\Boot::bootWeb(Object(Config\Paths))
DEBUG - 2026-01-13 05:29:59 --> Session: Class initialized using 'CodeIgniter\Session\Handlers\FileHandler' driver.
ERROR - 2026-01-13 05:29:59 --> mysqli_sql_exception: Unknown column 'items.id_item' in 'on clause' in C:\xampp\htdocs\rendi\system\Database\MySQLi\Connection.php:327
Stack trace:
#0 C:\xampp\htdocs\rendi\system\Database\MySQLi\Connection.php(327): mysqli->query('SELECT `items`....', 0)
#1 C:\xampp\htdocs\rendi\system\Database\BaseConnection.php(729): CodeIgniter\Database\MySQLi\Connection->execute('SELECT `items`....')
#2 C:\xampp\htdocs\rendi\system\Database\BaseConnection.php(646): CodeIgniter\Database\BaseConnection->simpleQuery('SELECT `items`....')
#3 C:\xampp\htdocs\rendi\system\Database\BaseBuilder.php(1649): CodeIgniter\Database\BaseConnection->query('SELECT `items`....', Array, false)
#4 C:\xampp\htdocs\rendi\app\Controllers\Report.php(40): CodeIgniter\Database\BaseBuilder->get()
#5 C:\xampp\htdocs\rendi\system\CodeIgniter.php(933): App\Controllers\Report->sales()
#6 C:\xampp\htdocs\rendi\system\CodeIgniter.php(507): CodeIgniter\CodeIgniter->runController(Object(App\Controllers\Report))
#7 C:\xampp\htdocs\rendi\system\CodeIgniter.php(354): CodeIgniter\CodeIgniter->handleRequest(NULL, Object(Config\Cache), false)
#8 C:\xampp\htdocs\rendi\system\Boot.php(363): CodeIgniter\CodeIgniter->run()
#9 C:\xampp\htdocs\rendi\system\Boot.php(68): CodeIgniter\Boot::runCodeIgniter(Object(CodeIgniter\CodeIgniter))
#10 C:\xampp\htdocs\rendi\public\index.php(59): CodeIgniter\Boot::bootWeb(Object(Config\Paths))
#11 {main}
CRITICAL - 2026-01-13 05:29:59 --> CodeIgniter\Database\Exceptions\DatabaseException: Unknown column 'items.id_item' in 'on clause'
[Method: GET, Route: report/sales]
in SYSTEMPATH\Database\BaseConnection.php on line 684.
 1 SYSTEMPATH\Database\BaseBuilder.php(1649): CodeIgniter\Database\BaseConnection->query('SELECT `items`.`item_name`, SUM(order_items.quantity) as total_qty
FROM `order_items`
JOIN `items` ON `items`.`id_item` = `order_items`.`id_item`
JOIN `orders` ON `orders`.`order_id` = `order_items`.`order_id`
WHERE `orders`.`order_date` >= :orders.order_date:
AND `orders`.`order_date` <= :orders.order_date.1:
GROUP BY `order_items`.`id_item`
ORDER BY `total_qty` DESC
 LIMIT 5', [...], false)
 2 APPPATH\Controllers\Report.php(40): CodeIgniter\Database\BaseBuilder->get()
 3 SYSTEMPATH\CodeIgniter.php(933): App\Controllers\Report->sales()
 4 SYSTEMPATH\CodeIgniter.php(507): CodeIgniter\CodeIgniter->runController(Object(App\Controllers\Report))
 5 SYSTEMPATH\CodeIgniter.php(354): CodeIgniter\CodeIgniter->handleRequest(null, Object(Config\Cache), false)
 6 SYSTEMPATH\Boot.php(363): CodeIgniter\CodeIgniter->run()
 7 SYSTEMPATH\Boot.php(68): CodeIgniter\Boot::runCodeIgniter(Object(CodeIgniter\CodeIgniter))
 8 FCPATH\index.php(59): CodeIgniter\Boot::bootWeb(Object(Config\Paths))
CRITICAL - 2026-01-13 05:29:59 --> [Caused by] CodeIgniter\Database\Exceptions\DatabaseException: Unknown column 'items.id_item' in 'on clause'
in SYSTEMPATH\Database\MySQLi\Connection.php on line 332.
 1 SYSTEMPATH\Database\BaseConnection.php(729): CodeIgniter\Database\MySQLi\Connection->execute('SELECT `items`.`item_name`, SUM(order_items.quantity) as total_qty
FROM `order_items`
JOIN `items` ON `items`.`id_item` = `order_items`.`id_item`
JOIN `orders` ON `orders`.`order_id` = `order_items`.`order_id`
WHERE `orders`.`order_date` >= \'2026-01-01 00:00:00\'
AND `orders`.`order_date` <= \'2026-01-13 23:59:59\'
GROUP BY `order_items`.`id_item`
ORDER BY `total_qty` DESC
 LIMIT 5')
 2 SYSTEMPATH\Database\BaseConnection.php(646): CodeIgniter\Database\BaseConnection->simpleQuery('SELECT `items`.`item_name`, SUM(order_items.quantity) as total_qty
FROM `order_items`
JOIN `items` ON `items`.`id_item` = `order_items`.`id_item`
JOIN `orders` ON `orders`.`order_id` = `order_items`.`order_id`
WHERE `orders`.`order_date` >= \'2026-01-01 00:00:00\'
AND `orders`.`order_date` <= \'2026-01-13 23:59:59\'
GROUP BY `order_items`.`id_item`
ORDER BY `total_qty` DESC
 LIMIT 5')
 3 SYSTEMPATH\Database\BaseBuilder.php(1649): CodeIgniter\Database\BaseConnection->query('SELECT `items`.`item_name`, SUM(order_items.quantity) as total_qty
FROM `order_items`
JOIN `items` ON `items`.`id_item` = `order_items`.`id_item`
JOIN `orders` ON `orders`.`order_id` = `order_items`.`order_id`
WHERE `orders`.`order_date` >= :orders.order_date:
AND `orders`.`order_date` <= :orders.order_date.1:
GROUP BY `order_items`.`id_item`
ORDER BY `total_qty` DESC
 LIMIT 5', [...], false)
 4 APPPATH\Controllers\Report.php(40): CodeIgniter\Database\BaseBuilder->get()
 5 SYSTEMPATH\CodeIgniter.php(933): App\Controllers\Report->sales()
 6 SYSTEMPATH\CodeIgniter.php(507): CodeIgniter\CodeIgniter->runController(Object(App\Controllers\Report))
 7 SYSTEMPATH\CodeIgniter.php(354): CodeIgniter\CodeIgniter->handleRequest(null, Object(Config\Cache), false)
 8 SYSTEMPATH\Boot.php(363): CodeIgniter\CodeIgniter->run()
 9 SYSTEMPATH\Boot.php(68): CodeIgniter\Boot::runCodeIgniter(Object(CodeIgniter\CodeIgniter))
10 FCPATH\index.php(59): CodeIgniter\Boot::bootWeb(Object(Config\Paths))
CRITICAL - 2026-01-13 05:29:59 --> [Caused by] mysqli_sql_exception: Unknown column 'items.id_item' in 'on clause'
in SYSTEMPATH\Database\MySQLi\Connection.php on line 327.
 1 SYSTEMPATH\Database\MySQLi\Connection.php(327): mysqli->query('SELECT `items`.`item_name`, SUM(order_items.quantity) as total_qty
FROM `order_items`
JOIN `items` ON `items`.`id_item` = `order_items`.`id_item`
JOIN `orders` ON `orders`.`order_id` = `order_items`.`order_id`
WHERE `orders`.`order_date` >= \'2026-01-01 00:00:00\'
AND `orders`.`order_date` <= \'2026-01-13 23:59:59\'
GROUP BY `order_items`.`id_item`
ORDER BY `total_qty` DESC
 LIMIT 5', 0)
 2 SYSTEMPATH\Database\BaseConnection.php(729): CodeIgniter\Database\MySQLi\Connection->execute('SELECT `items`.`item_name`, SUM(order_items.quantity) as total_qty
FROM `order_items`
JOIN `items` ON `items`.`id_item` = `order_items`.`id_item`
JOIN `orders` ON `orders`.`order_id` = `order_items`.`order_id`
WHERE `orders`.`order_date` >= \'2026-01-01 00:00:00\'
AND `orders`.`order_date` <= \'2026-01-13 23:59:59\'
GROUP BY `order_items`.`id_item`
ORDER BY `total_qty` DESC
 LIMIT 5')
 3 SYSTEMPATH\Database\BaseConnection.php(646): CodeIgniter\Database\BaseConnection->simpleQuery('SELECT `items`.`item_name`, SUM(order_items.quantity) as total_qty
FROM `order_items`
JOIN `items` ON `items`.`id_item` = `order_items`.`id_item`
JOIN `orders` ON `orders`.`order_id` = `order_items`.`order_id`
WHERE `orders`.`order_date` >= \'2026-01-01 00:00:00\'
AND `orders`.`order_date` <= \'2026-01-13 23:59:59\'
GROUP BY `order_items`.`id_item`
ORDER BY `total_qty` DESC
 LIMIT 5')
 4 SYSTEMPATH\Database\BaseBuilder.php(1649): CodeIgniter\Database\BaseConnection->query('SELECT `items`.`item_name`, SUM(order_items.quantity) as total_qty
FROM `order_items`
JOIN `items` ON `items`.`id_item` = `order_items`.`id_item`
JOIN `orders` ON `orders`.`order_id` = `order_items`.`order_id`
WHERE `orders`.`order_date` >= :orders.order_date:
AND `orders`.`order_date` <= :orders.order_date.1:
GROUP BY `order_items`.`id_item`
ORDER BY `total_qty` DESC
 LIMIT 5', [...], false)
 5 APPPATH\Controllers\Report.php(40): CodeIgniter\Database\BaseBuilder->get()
 6 SYSTEMPATH\CodeIgniter.php(933): App\Controllers\Report->sales()
 7 SYSTEMPATH\CodeIgniter.php(507): CodeIgniter\CodeIgniter->runController(Object(App\Controllers\Report))
 8 SYSTEMPATH\CodeIgniter.php(354): CodeIgniter\CodeIgniter->handleRequest(null, Object(Config\Cache), false)
 9 SYSTEMPATH\Boot.php(363): CodeIgniter\CodeIgniter->run()
10 SYSTEMPATH\Boot.php(68): CodeIgniter\Boot::runCodeIgniter(Object(CodeIgniter\CodeIgniter))
11 FCPATH\index.php(59): CodeIgniter\Boot::bootWeb(Object(Config\Paths))
DEBUG - 2026-01-13 05:30:00 --> Session: Class initialized using 'CodeIgniter\Session\Handlers\FileHandler' driver.
ERROR - 2026-01-13 05:30:00 --> mysqli_sql_exception: Unknown column 'items.id_item' in 'on clause' in C:\xampp\htdocs\rendi\system\Database\MySQLi\Connection.php:327
Stack trace:
#0 C:\xampp\htdocs\rendi\system\Database\MySQLi\Connection.php(327): mysqli->query('SELECT `items`....', 0)
#1 C:\xampp\htdocs\rendi\system\Database\BaseConnection.php(729): CodeIgniter\Database\MySQLi\Connection->execute('SELECT `items`....')
#2 C:\xampp\htdocs\rendi\system\Database\BaseConnection.php(646): CodeIgniter\Database\BaseConnection->simpleQuery('SELECT `items`....')
#3 C:\xampp\htdocs\rendi\system\Database\BaseBuilder.php(1649): CodeIgniter\Database\BaseConnection->query('SELECT `items`....', Array, false)
#4 C:\xampp\htdocs\rendi\app\Controllers\Report.php(40): CodeIgniter\Database\BaseBuilder->get()
#5 C:\xampp\htdocs\rendi\system\CodeIgniter.php(933): App\Controllers\Report->sales()
#6 C:\xampp\htdocs\rendi\system\CodeIgniter.php(507): CodeIgniter\CodeIgniter->runController(Object(App\Controllers\Report))
#7 C:\xampp\htdocs\rendi\system\CodeIgniter.php(354): CodeIgniter\CodeIgniter->handleRequest(NULL, Object(Config\Cache), false)
#8 C:\xampp\htdocs\rendi\system\Boot.php(363): CodeIgniter\CodeIgniter->run()
#9 C:\xampp\htdocs\rendi\system\Boot.php(68): CodeIgniter\Boot::runCodeIgniter(Object(CodeIgniter\CodeIgniter))
#10 C:\xampp\htdocs\rendi\public\index.php(59): CodeIgniter\Boot::bootWeb(Object(Config\Paths))
#11 {main}
CRITICAL - 2026-01-13 05:30:00 --> CodeIgniter\Database\Exceptions\DatabaseException: Unknown column 'items.id_item' in 'on clause'
[Method: GET, Route: laporan]
in SYSTEMPATH\Database\BaseConnection.php on line 684.
 1 SYSTEMPATH\Database\BaseBuilder.php(1649): CodeIgniter\Database\BaseConnection->query('SELECT `items`.`item_name`, SUM(order_items.quantity) as total_qty
FROM `order_items`
JOIN `items` ON `items`.`id_item` = `order_items`.`id_item`
JOIN `orders` ON `orders`.`order_id` = `order_items`.`order_id`
WHERE `orders`.`order_date` >= :orders.order_date:
AND `orders`.`order_date` <= :orders.order_date.1:
GROUP BY `order_items`.`id_item`
ORDER BY `total_qty` DESC
 LIMIT 5', [...], false)
 2 APPPATH\Controllers\Report.php(40): CodeIgniter\Database\BaseBuilder->get()
 3 SYSTEMPATH\CodeIgniter.php(933): App\Controllers\Report->sales()
 4 SYSTEMPATH\CodeIgniter.php(507): CodeIgniter\CodeIgniter->runController(Object(App\Controllers\Report))
 5 SYSTEMPATH\CodeIgniter.php(354): CodeIgniter\CodeIgniter->handleRequest(null, Object(Config\Cache), false)
 6 SYSTEMPATH\Boot.php(363): CodeIgniter\CodeIgniter->run()
 7 SYSTEMPATH\Boot.php(68): CodeIgniter\Boot::runCodeIgniter(Object(CodeIgniter\CodeIgniter))
 8 FCPATH\index.php(59): CodeIgniter\Boot::bootWeb(Object(Config\Paths))
CRITICAL - 2026-01-13 05:30:00 --> [Caused by] CodeIgniter\Database\Exceptions\DatabaseException: Unknown column 'items.id_item' in 'on clause'
in SYSTEMPATH\Database\MySQLi\Connection.php on line 332.
 1 SYSTEMPATH\Database\BaseConnection.php(729): CodeIgniter\Database\MySQLi\Connection->execute('SELECT `items`.`item_name`, SUM(order_items.quantity) as total_qty
FROM `order_items`
JOIN `items` ON `items`.`id_item` = `order_items`.`id_item`
JOIN `orders` ON `orders`.`order_id` = `order_items`.`order_id`
WHERE `orders`.`order_date` >= \'2026-01-01 00:00:00\'
AND `orders`.`order_date` <= \'2026-01-13 23:59:59\'
GROUP BY `order_items`.`id_item`
ORDER BY `total_qty` DESC
 LIMIT 5')
 2 SYSTEMPATH\Database\BaseConnection.php(646): CodeIgniter\Database\BaseConnection->simpleQuery('SELECT `items`.`item_name`, SUM(order_items.quantity) as total_qty
FROM `order_items`
JOIN `items` ON `items`.`id_item` = `order_items`.`id_item`
JOIN `orders` ON `orders`.`order_id` = `order_items`.`order_id`
WHERE `orders`.`order_date` >= \'2026-01-01 00:00:00\'
AND `orders`.`order_date` <= \'2026-01-13 23:59:59\'
GROUP BY `order_items`.`id_item`
ORDER BY `total_qty` DESC
 LIMIT 5')
 3 SYSTEMPATH\Database\BaseBuilder.php(1649): CodeIgniter\Database\BaseConnection->query('SELECT `items`.`item_name`, SUM(order_items.quantity) as total_qty
FROM `order_items`
JOIN `items` ON `items`.`id_item` = `order_items`.`id_item`
JOIN `orders` ON `orders`.`order_id` = `order_items`.`order_id`
WHERE `orders`.`order_date` >= :orders.order_date:
AND `orders`.`order_date` <= :orders.order_date.1:
GROUP BY `order_items`.`id_item`
ORDER BY `total_qty` DESC
 LIMIT 5', [...], false)
 4 APPPATH\Controllers\Report.php(40): CodeIgniter\Database\BaseBuilder->get()
 5 SYSTEMPATH\CodeIgniter.php(933): App\Controllers\Report->sales()
 6 SYSTEMPATH\CodeIgniter.php(507): CodeIgniter\CodeIgniter->runController(Object(App\Controllers\Report))
 7 SYSTEMPATH\CodeIgniter.php(354): CodeIgniter\CodeIgniter->handleRequest(null, Object(Config\Cache), false)
 8 SYSTEMPATH\Boot.php(363): CodeIgniter\CodeIgniter->run()
 9 SYSTEMPATH\Boot.php(68): CodeIgniter\Boot::runCodeIgniter(Object(CodeIgniter\CodeIgniter))
10 FCPATH\index.php(59): CodeIgniter\Boot::bootWeb(Object(Config\Paths))
CRITICAL - 2026-01-13 05:30:00 --> [Caused by] mysqli_sql_exception: Unknown column 'items.id_item' in 'on clause'
in SYSTEMPATH\Database\MySQLi\Connection.php on line 327.
 1 SYSTEMPATH\Database\MySQLi\Connection.php(327): mysqli->query('SELECT `items`.`item_name`, SUM(order_items.quantity) as total_qty
FROM `order_items`
JOIN `items` ON `items`.`id_item` = `order_items`.`id_item`
JOIN `orders` ON `orders`.`order_id` = `order_items`.`order_id`
WHERE `orders`.`order_date` >= \'2026-01-01 00:00:00\'
AND `orders`.`order_date` <= \'2026-01-13 23:59:59\'
GROUP BY `order_items`.`id_item`
ORDER BY `total_qty` DESC
 LIMIT 5', 0)
 2 SYSTEMPATH\Database\BaseConnection.php(729): CodeIgniter\Database\MySQLi\Connection->execute('SELECT `items`.`item_name`, SUM(order_items.quantity) as total_qty
FROM `order_items`
JOIN `items` ON `items`.`id_item` = `order_items`.`id_item`
JOIN `orders` ON `orders`.`order_id` = `order_items`.`order_id`
WHERE `orders`.`order_date` >= \'2026-01-01 00:00:00\'
AND `orders`.`order_date` <= \'2026-01-13 23:59:59\'
GROUP BY `order_items`.`id_item`
ORDER BY `total_qty` DESC
 LIMIT 5')
 3 SYSTEMPATH\Database\BaseConnection.php(646): CodeIgniter\Database\BaseConnection->simpleQuery('SELECT `items`.`item_name`, SUM(order_items.quantity) as total_qty
FROM `order_items`
JOIN `items` ON `items`.`id_item` = `order_items`.`id_item`
JOIN `orders` ON `orders`.`order_id` = `order_items`.`order_id`
WHERE `orders`.`order_date` >= \'2026-01-01 00:00:00\'
AND `orders`.`order_date` <= \'2026-01-13 23:59:59\'
GROUP BY `order_items`.`id_item`
ORDER BY `total_qty` DESC
 LIMIT 5')
 4 SYSTEMPATH\Database\BaseBuilder.php(1649): CodeIgniter\Database\BaseConnection->query('SELECT `items`.`item_name`, SUM(order_items.quantity) as total_qty
FROM `order_items`
JOIN `items` ON `items`.`id_item` = `order_items`.`id_item`
JOIN `orders` ON `orders`.`order_id` = `order_items`.`order_id`
WHERE `orders`.`order_date` >= :orders.order_date:
AND `orders`.`order_date` <= :orders.order_date.1:
GROUP BY `order_items`.`id_item`
ORDER BY `total_qty` DESC
 LIMIT 5', [...], false)
 5 APPPATH\Controllers\Report.php(40): CodeIgniter\Database\BaseBuilder->get()
 6 SYSTEMPATH\CodeIgniter.php(933): App\Controllers\Report->sales()
 7 SYSTEMPATH\CodeIgniter.php(507): CodeIgniter\CodeIgniter->runController(Object(App\Controllers\Report))
 8 SYSTEMPATH\CodeIgniter.php(354): CodeIgniter\CodeIgniter->handleRequest(null, Object(Config\Cache), false)
 9 SYSTEMPATH\Boot.php(363): CodeIgniter\CodeIgniter->run()
10 SYSTEMPATH\Boot.php(68): CodeIgniter\Boot::runCodeIgniter(Object(CodeIgniter\CodeIgniter))
11 FCPATH\index.php(59): CodeIgniter\Boot::bootWeb(Object(Config\Paths))
DEBUG - 2026-01-13 05:30:01 --> Session: Class initialized using 'CodeIgniter\Session\Handlers\FileHandler' driver.
DEBUG - 2026-01-13 05:30:03 --> Session: Class initialized using 'CodeIgniter\Session\Handlers\FileHandler' driver.
DEBUG - 2026-01-13 05:30:05 --> Session: Class initialized using 'CodeIgniter\Session\Handlers\FileHandler' driver.
ERROR - 2026-01-13 05:30:05 --> mysqli_sql_exception: Unknown column 'items.id_item' in 'on clause' in C:\xampp\htdocs\rendi\system\Database\MySQLi\Connection.php:327
Stack trace:
#0 C:\xampp\htdocs\rendi\system\Database\MySQLi\Connection.php(327): mysqli->query('SELECT `items`....', 0)
#1 C:\xampp\htdocs\rendi\system\Database\BaseConnection.php(729): CodeIgniter\Database\MySQLi\Connection->execute('SELECT `items`....')
#2 C:\xampp\htdocs\rendi\system\Database\BaseConnection.php(646): CodeIgniter\Database\BaseConnection->simpleQuery('SELECT `items`....')
#3 C:\xampp\htdocs\rendi\system\Database\BaseBuilder.php(1649): CodeIgniter\Database\BaseConnection->query('SELECT `items`....', Array, false)
#4 C:\xampp\htdocs\rendi\app\Controllers\Report.php(40): CodeIgniter\Database\BaseBuilder->get()
#5 C:\xampp\htdocs\rendi\system\CodeIgniter.php(933): App\Controllers\Report->sales()
#6 C:\xampp\htdocs\rendi\system\CodeIgniter.php(507): CodeIgniter\CodeIgniter->runController(Object(App\Controllers\Report))
#7 C:\xampp\htdocs\rendi\system\CodeIgniter.php(354): CodeIgniter\CodeIgniter->handleRequest(NULL, Object(Config\Cache), false)
#8 C:\xampp\htdocs\rendi\system\Boot.php(363): CodeIgniter\CodeIgniter->run()
#9 C:\xampp\htdocs\rendi\system\Boot.php(68): CodeIgniter\Boot::runCodeIgniter(Object(CodeIgniter\CodeIgniter))
#10 C:\xampp\htdocs\rendi\public\index.php(59): CodeIgniter\Boot::bootWeb(Object(Config\Paths))
#11 {main}
CRITICAL - 2026-01-13 05:30:05 --> CodeIgniter\Database\Exceptions\DatabaseException: Unknown column 'items.id_item' in 'on clause'
[Method: GET, Route: laporan]
in SYSTEMPATH\Database\BaseConnection.php on line 684.
 1 SYSTEMPATH\Database\BaseBuilder.php(1649): CodeIgniter\Database\BaseConnection->query('SELECT `items`.`item_name`, SUM(order_items.quantity) as total_qty
FROM `order_items`
JOIN `items` ON `items`.`id_item` = `order_items`.`id_item`
JOIN `orders` ON `orders`.`order_id` = `order_items`.`order_id`
WHERE `orders`.`order_date` >= :orders.order_date:
AND `orders`.`order_date` <= :orders.order_date.1:
GROUP BY `order_items`.`id_item`
ORDER BY `total_qty` DESC
 LIMIT 5', [...], false)
 2 APPPATH\Controllers\Report.php(40): CodeIgniter\Database\BaseBuilder->get()
 3 SYSTEMPATH\CodeIgniter.php(933): App\Controllers\Report->sales()
 4 SYSTEMPATH\CodeIgniter.php(507): CodeIgniter\CodeIgniter->runController(Object(App\Controllers\Report))
 5 SYSTEMPATH\CodeIgniter.php(354): CodeIgniter\CodeIgniter->handleRequest(null, Object(Config\Cache), false)
 6 SYSTEMPATH\Boot.php(363): CodeIgniter\CodeIgniter->run()
 7 SYSTEMPATH\Boot.php(68): CodeIgniter\Boot::runCodeIgniter(Object(CodeIgniter\CodeIgniter))
 8 FCPATH\index.php(59): CodeIgniter\Boot::bootWeb(Object(Config\Paths))
CRITICAL - 2026-01-13 05:30:05 --> [Caused by] CodeIgniter\Database\Exceptions\DatabaseException: Unknown column 'items.id_item' in 'on clause'
in SYSTEMPATH\Database\MySQLi\Connection.php on line 332.
 1 SYSTEMPATH\Database\BaseConnection.php(729): CodeIgniter\Database\MySQLi\Connection->execute('SELECT `items`.`item_name`, SUM(order_items.quantity) as total_qty
FROM `order_items`
JOIN `items` ON `items`.`id_item` = `order_items`.`id_item`
JOIN `orders` ON `orders`.`order_id` = `order_items`.`order_id`
WHERE `orders`.`order_date` >= \'2026-01-01 00:00:00\'
AND `orders`.`order_date` <= \'2026-01-13 23:59:59\'
GROUP BY `order_items`.`id_item`
ORDER BY `total_qty` DESC
 LIMIT 5')
 2 SYSTEMPATH\Database\BaseConnection.php(646): CodeIgniter\Database\BaseConnection->simpleQuery('SELECT `items`.`item_name`, SUM(order_items.quantity) as total_qty
FROM `order_items`
JOIN `items` ON `items`.`id_item` = `order_items`.`id_item`
JOIN `orders` ON `orders`.`order_id` = `order_items`.`order_id`
WHERE `orders`.`order_date` >= \'2026-01-01 00:00:00\'
AND `orders`.`order_date` <= \'2026-01-13 23:59:59\'
GROUP BY `order_items`.`id_item`
ORDER BY `total_qty` DESC
 LIMIT 5')
 3 SYSTEMPATH\Database\BaseBuilder.php(1649): CodeIgniter\Database\BaseConnection->query('SELECT `items`.`item_name`, SUM(order_items.quantity) as total_qty
FROM `order_items`
JOIN `items` ON `items`.`id_item` = `order_items`.`id_item`
JOIN `orders` ON `orders`.`order_id` = `order_items`.`order_id`
WHERE `orders`.`order_date` >= :orders.order_date:
AND `orders`.`order_date` <= :orders.order_date.1:
GROUP BY `order_items`.`id_item`
ORDER BY `total_qty` DESC
 LIMIT 5', [...], false)
 4 APPPATH\Controllers\Report.php(40): CodeIgniter\Database\BaseBuilder->get()
 5 SYSTEMPATH\CodeIgniter.php(933): App\Controllers\Report->sales()
 6 SYSTEMPATH\CodeIgniter.php(507): CodeIgniter\CodeIgniter->runController(Object(App\Controllers\Report))
 7 SYSTEMPATH\CodeIgniter.php(354): CodeIgniter\CodeIgniter->handleRequest(null, Object(Config\Cache), false)
 8 SYSTEMPATH\Boot.php(363): CodeIgniter\CodeIgniter->run()
 9 SYSTEMPATH\Boot.php(68): CodeIgniter\Boot::runCodeIgniter(Object(CodeIgniter\CodeIgniter))
10 FCPATH\index.php(59): CodeIgniter\Boot::bootWeb(Object(Config\Paths))
CRITICAL - 2026-01-13 05:30:05 --> [Caused by] mysqli_sql_exception: Unknown column 'items.id_item' in 'on clause'
in SYSTEMPATH\Database\MySQLi\Connection.php on line 327.
 1 SYSTEMPATH\Database\MySQLi\Connection.php(327): mysqli->query('SELECT `items`.`item_name`, SUM(order_items.quantity) as total_qty
FROM `order_items`
JOIN `items` ON `items`.`id_item` = `order_items`.`id_item`
JOIN `orders` ON `orders`.`order_id` = `order_items`.`order_id`
WHERE `orders`.`order_date` >= \'2026-01-01 00:00:00\'
AND `orders`.`order_date` <= \'2026-01-13 23:59:59\'
GROUP BY `order_items`.`id_item`
ORDER BY `total_qty` DESC
 LIMIT 5', 0)
 2 SYSTEMPATH\Database\BaseConnection.php(729): CodeIgniter\Database\MySQLi\Connection->execute('SELECT `items`.`item_name`, SUM(order_items.quantity) as total_qty
FROM `order_items`
JOIN `items` ON `items`.`id_item` = `order_items`.`id_item`
JOIN `orders` ON `orders`.`order_id` = `order_items`.`order_id`
WHERE `orders`.`order_date` >= \'2026-01-01 00:00:00\'
AND `orders`.`order_date` <= \'2026-01-13 23:59:59\'
GROUP BY `order_items`.`id_item`
ORDER BY `total_qty` DESC
 LIMIT 5')
 3 SYSTEMPATH\Database\BaseConnection.php(646): CodeIgniter\Database\BaseConnection->simpleQuery('SELECT `items`.`item_name`, SUM(order_items.quantity) as total_qty
FROM `order_items`
JOIN `items` ON `items`.`id_item` = `order_items`.`id_item`
JOIN `orders` ON `orders`.`order_id` = `order_items`.`order_id`
WHERE `orders`.`order_date` >= \'2026-01-01 00:00:00\'
AND `orders`.`order_date` <= \'2026-01-13 23:59:59\'
GROUP BY `order_items`.`id_item`
ORDER BY `total_qty` DESC
 LIMIT 5')
 4 SYSTEMPATH\Database\BaseBuilder.php(1649): CodeIgniter\Database\BaseConnection->query('SELECT `items`.`item_name`, SUM(order_items.quantity) as total_qty
FROM `order_items`
JOIN `items` ON `items`.`id_item` = `order_items`.`id_item`
JOIN `orders` ON `orders`.`order_id` = `order_items`.`order_id`
WHERE `orders`.`order_date` >= :orders.order_date:
AND `orders`.`order_date` <= :orders.order_date.1:
GROUP BY `order_items`.`id_item`
ORDER BY `total_qty` DESC
 LIMIT 5', [...], false)
 5 APPPATH\Controllers\Report.php(40): CodeIgniter\Database\BaseBuilder->get()
 6 SYSTEMPATH\CodeIgniter.php(933): App\Controllers\Report->sales()
 7 SYSTEMPATH\CodeIgniter.php(507): CodeIgniter\CodeIgniter->runController(Object(App\Controllers\Report))
 8 SYSTEMPATH\CodeIgniter.php(354): CodeIgniter\CodeIgniter->handleRequest(null, Object(Config\Cache), false)
 9 SYSTEMPATH\Boot.php(363): CodeIgniter\CodeIgniter->run()
10 SYSTEMPATH\Boot.php(68): CodeIgniter\Boot::runCodeIgniter(Object(CodeIgniter\CodeIgniter))
11 FCPATH\index.php(59): CodeIgniter\Boot::bootWeb(Object(Config\Paths))
DEBUG - 2026-01-13 05:39:36 --> Session: Class initialized using 'CodeIgniter\Session\Handlers\FileHandler' driver.
DEBUG - 2026-01-13 05:39:38 --> Session: Class initialized using 'CodeIgniter\Session\Handlers\FileHandler' driver.
ERROR - 2026-01-13 05:39:38 --> mysqli_sql_exception: Unknown column 'items.id_item' in 'on clause' in C:\xampp\htdocs\rendi\system\Database\MySQLi\Connection.php:327
Stack trace:
#0 C:\xampp\htdocs\rendi\system\Database\MySQLi\Connection.php(327): mysqli->query('SELECT `items`....', 0)
#1 C:\xampp\htdocs\rendi\system\Database\BaseConnection.php(729): CodeIgniter\Database\MySQLi\Connection->execute('SELECT `items`....')
#2 C:\xampp\htdocs\rendi\system\Database\BaseConnection.php(646): CodeIgniter\Database\BaseConnection->simpleQuery('SELECT `items`....')
#3 C:\xampp\htdocs\rendi\system\Database\BaseBuilder.php(1649): CodeIgniter\Database\BaseConnection->query('SELECT `items`....', Array, false)
#4 C:\xampp\htdocs\rendi\app\Controllers\Report.php(40): CodeIgniter\Database\BaseBuilder->get()
#5 C:\xampp\htdocs\rendi\system\CodeIgniter.php(933): App\Controllers\Report->sales()
#6 C:\xampp\htdocs\rendi\system\CodeIgniter.php(507): CodeIgniter\CodeIgniter->runController(Object(App\Controllers\Report))
#7 C:\xampp\htdocs\rendi\system\CodeIgniter.php(354): CodeIgniter\CodeIgniter->handleRequest(NULL, Object(Config\Cache), false)
#8 C:\xampp\htdocs\rendi\system\Boot.php(363): CodeIgniter\CodeIgniter->run()
#9 C:\xampp\htdocs\rendi\system\Boot.php(68): CodeIgniter\Boot::runCodeIgniter(Object(CodeIgniter\CodeIgniter))
#10 C:\xampp\htdocs\rendi\public\index.php(59): CodeIgniter\Boot::bootWeb(Object(Config\Paths))
#11 {main}
CRITICAL - 2026-01-13 05:39:38 --> CodeIgniter\Database\Exceptions\DatabaseException: Unknown column 'items.id_item' in 'on clause'
[Method: GET, Route: laporan]
in SYSTEMPATH\Database\BaseConnection.php on line 684.
 1 SYSTEMPATH\Database\BaseBuilder.php(1649): CodeIgniter\Database\BaseConnection->query('SELECT `items`.`item_name`, SUM(order_items.quantity) as total_qty
FROM `order_items`
JOIN `items` ON `items`.`id_item` = `order_items`.`id_item`
JOIN `orders` ON `orders`.`order_id` = `order_items`.`order_id`
WHERE `orders`.`order_date` >= :orders.order_date:
AND `orders`.`order_date` <= :orders.order_date.1:
GROUP BY `order_items`.`id_item`
ORDER BY `total_qty` DESC
 LIMIT 5', [...], false)
 2 APPPATH\Controllers\Report.php(40): CodeIgniter\Database\BaseBuilder->get()
 3 SYSTEMPATH\CodeIgniter.php(933): App\Controllers\Report->sales()
 4 SYSTEMPATH\CodeIgniter.php(507): CodeIgniter\CodeIgniter->runController(Object(App\Controllers\Report))
 5 SYSTEMPATH\CodeIgniter.php(354): CodeIgniter\CodeIgniter->handleRequest(null, Object(Config\Cache), false)
 6 SYSTEMPATH\Boot.php(363): CodeIgniter\CodeIgniter->run()
 7 SYSTEMPATH\Boot.php(68): CodeIgniter\Boot::runCodeIgniter(Object(CodeIgniter\CodeIgniter))
 8 FCPATH\index.php(59): CodeIgniter\Boot::bootWeb(Object(Config\Paths))
CRITICAL - 2026-01-13 05:39:38 --> [Caused by] CodeIgniter\Database\Exceptions\DatabaseException: Unknown column 'items.id_item' in 'on clause'
in SYSTEMPATH\Database\MySQLi\Connection.php on line 332.
 1 SYSTEMPATH\Database\BaseConnection.php(729): CodeIgniter\Database\MySQLi\Connection->execute('SELECT `items`.`item_name`, SUM(order_items.quantity) as total_qty
FROM `order_items`
JOIN `items` ON `items`.`id_item` = `order_items`.`id_item`
JOIN `orders` ON `orders`.`order_id` = `order_items`.`order_id`
WHERE `orders`.`order_date` >= \'2026-01-01 00:00:00\'
AND `orders`.`order_date` <= \'2026-01-13 23:59:59\'
GROUP BY `order_items`.`id_item`
ORDER BY `total_qty` DESC
 LIMIT 5')
 2 SYSTEMPATH\Database\BaseConnection.php(646): CodeIgniter\Database\BaseConnection->simpleQuery('SELECT `items`.`item_name`, SUM(order_items.quantity) as total_qty
FROM `order_items`
JOIN `items` ON `items`.`id_item` = `order_items`.`id_item`
JOIN `orders` ON `orders`.`order_id` = `order_items`.`order_id`
WHERE `orders`.`order_date` >= \'2026-01-01 00:00:00\'
AND `orders`.`order_date` <= \'2026-01-13 23:59:59\'
GROUP BY `order_items`.`id_item`
ORDER BY `total_qty` DESC
 LIMIT 5')
 3 SYSTEMPATH\Database\BaseBuilder.php(1649): CodeIgniter\Database\BaseConnection->query('SELECT `items`.`item_name`, SUM(order_items.quantity) as total_qty
FROM `order_items`
JOIN `items` ON `items`.`id_item` = `order_items`.`id_item`
JOIN `orders` ON `orders`.`order_id` = `order_items`.`order_id`
WHERE `orders`.`order_date` >= :orders.order_date:
AND `orders`.`order_date` <= :orders.order_date.1:
GROUP BY `order_items`.`id_item`
ORDER BY `total_qty` DESC
 LIMIT 5', [...], false)
 4 APPPATH\Controllers\Report.php(40): CodeIgniter\Database\BaseBuilder->get()
 5 SYSTEMPATH\CodeIgniter.php(933): App\Controllers\Report->sales()
 6 SYSTEMPATH\CodeIgniter.php(507): CodeIgniter\CodeIgniter->runController(Object(App\Controllers\Report))
 7 SYSTEMPATH\CodeIgniter.php(354): CodeIgniter\CodeIgniter->handleRequest(null, Object(Config\Cache), false)
 8 SYSTEMPATH\Boot.php(363): CodeIgniter\CodeIgniter->run()
 9 SYSTEMPATH\Boot.php(68): CodeIgniter\Boot::runCodeIgniter(Object(CodeIgniter\CodeIgniter))
10 FCPATH\index.php(59): CodeIgniter\Boot::bootWeb(Object(Config\Paths))
CRITICAL - 2026-01-13 05:39:38 --> [Caused by] mysqli_sql_exception: Unknown column 'items.id_item' in 'on clause'
in SYSTEMPATH\Database\MySQLi\Connection.php on line 327.
 1 SYSTEMPATH\Database\MySQLi\Connection.php(327): mysqli->query('SELECT `items`.`item_name`, SUM(order_items.quantity) as total_qty
FROM `order_items`
JOIN `items` ON `items`.`id_item` = `order_items`.`id_item`
JOIN `orders` ON `orders`.`order_id` = `order_items`.`order_id`
WHERE `orders`.`order_date` >= \'2026-01-01 00:00:00\'
AND `orders`.`order_date` <= \'2026-01-13 23:59:59\'
GROUP BY `order_items`.`id_item`
ORDER BY `total_qty` DESC
 LIMIT 5', 0)
 2 SYSTEMPATH\Database\BaseConnection.php(729): CodeIgniter\Database\MySQLi\Connection->execute('SELECT `items`.`item_name`, SUM(order_items.quantity) as total_qty
FROM `order_items`
JOIN `items` ON `items`.`id_item` = `order_items`.`id_item`
JOIN `orders` ON `orders`.`order_id` = `order_items`.`order_id`
WHERE `orders`.`order_date` >= \'2026-01-01 00:00:00\'
AND `orders`.`order_date` <= \'2026-01-13 23:59:59\'
GROUP BY `order_items`.`id_item`
ORDER BY `total_qty` DESC
 LIMIT 5')
 3 SYSTEMPATH\Database\BaseConnection.php(646): CodeIgniter\Database\BaseConnection->simpleQuery('SELECT `items`.`item_name`, SUM(order_items.quantity) as total_qty
FROM `order_items`
JOIN `items` ON `items`.`id_item` = `order_items`.`id_item`
JOIN `orders` ON `orders`.`order_id` = `order_items`.`order_id`
WHERE `orders`.`order_date` >= \'2026-01-01 00:00:00\'
AND `orders`.`order_date` <= \'2026-01-13 23:59:59\'
GROUP BY `order_items`.`id_item`
ORDER BY `total_qty` DESC
 LIMIT 5')
 4 SYSTEMPATH\Database\BaseBuilder.php(1649): CodeIgniter\Database\BaseConnection->query('SELECT `items`.`item_name`, SUM(order_items.quantity) as total_qty
FROM `order_items`
JOIN `items` ON `items`.`id_item` = `order_items`.`id_item`
JOIN `orders` ON `orders`.`order_id` = `order_items`.`order_id`
WHERE `orders`.`order_date` >= :orders.order_date:
AND `orders`.`order_date` <= :orders.order_date.1:
GROUP BY `order_items`.`id_item`
ORDER BY `total_qty` DESC
 LIMIT 5', [...], false)
 5 APPPATH\Controllers\Report.php(40): CodeIgniter\Database\BaseBuilder->get()
 6 SYSTEMPATH\CodeIgniter.php(933): App\Controllers\Report->sales()
 7 SYSTEMPATH\CodeIgniter.php(507): CodeIgniter\CodeIgniter->runController(Object(App\Controllers\Report))
 8 SYSTEMPATH\CodeIgniter.php(354): CodeIgniter\CodeIgniter->handleRequest(null, Object(Config\Cache), false)
 9 SYSTEMPATH\Boot.php(363): CodeIgniter\CodeIgniter->run()
10 SYSTEMPATH\Boot.php(68): CodeIgniter\Boot::runCodeIgniter(Object(CodeIgniter\CodeIgniter))
11 FCPATH\index.php(59): CodeIgniter\Boot::bootWeb(Object(Config\Paths))
DEBUG - 2026-01-13 05:39:39 --> Session: Class initialized using 'CodeIgniter\Session\Handlers\FileHandler' driver.
DEBUG - 2026-01-13 05:39:41 --> Session: Class initialized using 'CodeIgniter\Session\Handlers\FileHandler' driver.
DEBUG - 2026-01-13 05:39:42 --> Session: Class initialized using 'CodeIgniter\Session\Handlers\FileHandler' driver.
ERROR - 2026-01-13 05:39:42 --> mysqli_sql_exception: Unknown column 'items.id_item' in 'on clause' in C:\xampp\htdocs\rendi\system\Database\MySQLi\Connection.php:327
Stack trace:
#0 C:\xampp\htdocs\rendi\system\Database\MySQLi\Connection.php(327): mysqli->query('SELECT `items`....', 0)
#1 C:\xampp\htdocs\rendi\system\Database\BaseConnection.php(729): CodeIgniter\Database\MySQLi\Connection->execute('SELECT `items`....')
#2 C:\xampp\htdocs\rendi\system\Database\BaseConnection.php(646): CodeIgniter\Database\BaseConnection->simpleQuery('SELECT `items`....')
#3 C:\xampp\htdocs\rendi\system\Database\BaseBuilder.php(1649): CodeIgniter\Database\BaseConnection->query('SELECT `items`....', Array, false)
#4 C:\xampp\htdocs\rendi\app\Controllers\Report.php(40): CodeIgniter\Database\BaseBuilder->get()
#5 C:\xampp\htdocs\rendi\system\CodeIgniter.php(933): App\Controllers\Report->sales()
#6 C:\xampp\htdocs\rendi\system\CodeIgniter.php(507): CodeIgniter\CodeIgniter->runController(Object(App\Controllers\Report))
#7 C:\xampp\htdocs\rendi\system\CodeIgniter.php(354): CodeIgniter\CodeIgniter->handleRequest(NULL, Object(Config\Cache), false)
#8 C:\xampp\htdocs\rendi\system\Boot.php(363): CodeIgniter\CodeIgniter->run()
#9 C:\xampp\htdocs\rendi\system\Boot.php(68): CodeIgniter\Boot::runCodeIgniter(Object(CodeIgniter\CodeIgniter))
#10 C:\xampp\htdocs\rendi\public\index.php(59): CodeIgniter\Boot::bootWeb(Object(Config\Paths))
#11 {main}
CRITICAL - 2026-01-13 05:39:42 --> CodeIgniter\Database\Exceptions\DatabaseException: Unknown column 'items.id_item' in 'on clause'
[Method: GET, Route: laporan]
in SYSTEMPATH\Database\BaseConnection.php on line 684.
 1 SYSTEMPATH\Database\BaseBuilder.php(1649): CodeIgniter\Database\BaseConnection->query('SELECT `items`.`item_name`, SUM(order_items.quantity) as total_qty
FROM `order_items`
JOIN `items` ON `items`.`id_item` = `order_items`.`id_item`
JOIN `orders` ON `orders`.`order_id` = `order_items`.`order_id`
WHERE `orders`.`order_date` >= :orders.order_date:
AND `orders`.`order_date` <= :orders.order_date.1:
GROUP BY `order_items`.`id_item`
ORDER BY `total_qty` DESC
 LIMIT 5', [...], false)
 2 APPPATH\Controllers\Report.php(40): CodeIgniter\Database\BaseBuilder->get()
 3 SYSTEMPATH\CodeIgniter.php(933): App\Controllers\Report->sales()
 4 SYSTEMPATH\CodeIgniter.php(507): CodeIgniter\CodeIgniter->runController(Object(App\Controllers\Report))
 5 SYSTEMPATH\CodeIgniter.php(354): CodeIgniter\CodeIgniter->handleRequest(null, Object(Config\Cache), false)
 6 SYSTEMPATH\Boot.php(363): CodeIgniter\CodeIgniter->run()
 7 SYSTEMPATH\Boot.php(68): CodeIgniter\Boot::runCodeIgniter(Object(CodeIgniter\CodeIgniter))
 8 FCPATH\index.php(59): CodeIgniter\Boot::bootWeb(Object(Config\Paths))
CRITICAL - 2026-01-13 05:39:42 --> [Caused by] CodeIgniter\Database\Exceptions\DatabaseException: Unknown column 'items.id_item' in 'on clause'
in SYSTEMPATH\Database\MySQLi\Connection.php on line 332.
 1 SYSTEMPATH\Database\BaseConnection.php(729): CodeIgniter\Database\MySQLi\Connection->execute('SELECT `items`.`item_name`, SUM(order_items.quantity) as total_qty
FROM `order_items`
JOIN `items` ON `items`.`id_item` = `order_items`.`id_item`
JOIN `orders` ON `orders`.`order_id` = `order_items`.`order_id`
WHERE `orders`.`order_date` >= \'2026-01-01 00:00:00\'
AND `orders`.`order_date` <= \'2026-01-13 23:59:59\'
GROUP BY `order_items`.`id_item`
ORDER BY `total_qty` DESC
 LIMIT 5')
 2 SYSTEMPATH\Database\BaseConnection.php(646): CodeIgniter\Database\BaseConnection->simpleQuery('SELECT `items`.`item_name`, SUM(order_items.quantity) as total_qty
FROM `order_items`
JOIN `items` ON `items`.`id_item` = `order_items`.`id_item`
JOIN `orders` ON `orders`.`order_id` = `order_items`.`order_id`
WHERE `orders`.`order_date` >= \'2026-01-01 00:00:00\'
AND `orders`.`order_date` <= \'2026-01-13 23:59:59\'
GROUP BY `order_items`.`id_item`
ORDER BY `total_qty` DESC
 LIMIT 5')
 3 SYSTEMPATH\Database\BaseBuilder.php(1649): CodeIgniter\Database\BaseConnection->query('SELECT `items`.`item_name`, SUM(order_items.quantity) as total_qty
FROM `order_items`
JOIN `items` ON `items`.`id_item` = `order_items`.`id_item`
JOIN `orders` ON `orders`.`order_id` = `order_items`.`order_id`
WHERE `orders`.`order_date` >= :orders.order_date:
AND `orders`.`order_date` <= :orders.order_date.1:
GROUP BY `order_items`.`id_item`
ORDER BY `total_qty` DESC
 LIMIT 5', [...], false)
 4 APPPATH\Controllers\Report.php(40): CodeIgniter\Database\BaseBuilder->get()
 5 SYSTEMPATH\CodeIgniter.php(933): App\Controllers\Report->sales()
 6 SYSTEMPATH\CodeIgniter.php(507): CodeIgniter\CodeIgniter->runController(Object(App\Controllers\Report))
 7 SYSTEMPATH\CodeIgniter.php(354): CodeIgniter\CodeIgniter->handleRequest(null, Object(Config\Cache), false)
 8 SYSTEMPATH\Boot.php(363): CodeIgniter\CodeIgniter->run()
 9 SYSTEMPATH\Boot.php(68): CodeIgniter\Boot::runCodeIgniter(Object(CodeIgniter\CodeIgniter))
10 FCPATH\index.php(59): CodeIgniter\Boot::bootWeb(Object(Config\Paths))
CRITICAL - 2026-01-13 05:39:42 --> [Caused by] mysqli_sql_exception: Unknown column 'items.id_item' in 'on clause'
in SYSTEMPATH\Database\MySQLi\Connection.php on line 327.
 1 SYSTEMPATH\Database\MySQLi\Connection.php(327): mysqli->query('SELECT `items`.`item_name`, SUM(order_items.quantity) as total_qty
FROM `order_items`
JOIN `items` ON `items`.`id_item` = `order_items`.`id_item`
JOIN `orders` ON `orders`.`order_id` = `order_items`.`order_id`
WHERE `orders`.`order_date` >= \'2026-01-01 00:00:00\'
AND `orders`.`order_date` <= \'2026-01-13 23:59:59\'
GROUP BY `order_items`.`id_item`
ORDER BY `total_qty` DESC
 LIMIT 5', 0)
 2 SYSTEMPATH\Database\BaseConnection.php(729): CodeIgniter\Database\MySQLi\Connection->execute('SELECT `items`.`item_name`, SUM(order_items.quantity) as total_qty
FROM `order_items`
JOIN `items` ON `items`.`id_item` = `order_items`.`id_item`
JOIN `orders` ON `orders`.`order_id` = `order_items`.`order_id`
WHERE `orders`.`order_date` >= \'2026-01-01 00:00:00\'
AND `orders`.`order_date` <= \'2026-01-13 23:59:59\'
GROUP BY `order_items`.`id_item`
ORDER BY `total_qty` DESC
 LIMIT 5')
 3 SYSTEMPATH\Database\BaseConnection.php(646): CodeIgniter\Database\BaseConnection->simpleQuery('SELECT `items`.`item_name`, SUM(order_items.quantity) as total_qty
FROM `order_items`
JOIN `items` ON `items`.`id_item` = `order_items`.`id_item`
JOIN `orders` ON `orders`.`order_id` = `order_items`.`order_id`
WHERE `orders`.`order_date` >= \'2026-01-01 00:00:00\'
AND `orders`.`order_date` <= \'2026-01-13 23:59:59\'
GROUP BY `order_items`.`id_item`
ORDER BY `total_qty` DESC
 LIMIT 5')
 4 SYSTEMPATH\Database\BaseBuilder.php(1649): CodeIgniter\Database\BaseConnection->query('SELECT `items`.`item_name`, SUM(order_items.quantity) as total_qty
FROM `order_items`
JOIN `items` ON `items`.`id_item` = `order_items`.`id_item`
JOIN `orders` ON `orders`.`order_id` = `order_items`.`order_id`
WHERE `orders`.`order_date` >= :orders.order_date:
AND `orders`.`order_date` <= :orders.order_date.1:
GROUP BY `order_items`.`id_item`
ORDER BY `total_qty` DESC
 LIMIT 5', [...], false)
 5 APPPATH\Controllers\Report.php(40): CodeIgniter\Database\BaseBuilder->get()
 6 SYSTEMPATH\CodeIgniter.php(933): App\Controllers\Report->sales()
 7 SYSTEMPATH\CodeIgniter.php(507): CodeIgniter\CodeIgniter->runController(Object(App\Controllers\Report))
 8 SYSTEMPATH\CodeIgniter.php(354): CodeIgniter\CodeIgniter->handleRequest(null, Object(Config\Cache), false)
 9 SYSTEMPATH\Boot.php(363): CodeIgniter\CodeIgniter->run()
10 SYSTEMPATH\Boot.php(68): CodeIgniter\Boot::runCodeIgniter(Object(CodeIgniter\CodeIgniter))
11 FCPATH\index.php(59): CodeIgniter\Boot::bootWeb(Object(Config\Paths))
DEBUG - 2026-01-13 05:40:06 --> Session: Class initialized using 'CodeIgniter\Session\Handlers\FileHandler' driver.
DEBUG - 2026-01-13 05:40:11 --> Session: Class initialized using 'CodeIgniter\Session\Handlers\FileHandler' driver.
DEBUG - 2026-01-13 05:40:13 --> Session: Class initialized using 'CodeIgniter\Session\Handlers\FileHandler' driver.
DEBUG - 2026-01-13 05:41:14 --> Session: Class initialized using 'CodeIgniter\Session\Handlers\FileHandler' driver.
DEBUG - 2026-01-13 05:41:15 --> Session: Class initialized using 'CodeIgniter\Session\Handlers\FileHandler' driver.
DEBUG - 2026-01-13 05:41:17 --> Session: Class initialized using 'CodeIgniter\Session\Handlers\FileHandler' driver.
DEBUG - 2026-01-13 05:41:42 --> Session: Class initialized using 'CodeIgniter\Session\Handlers\FileHandler' driver.
DEBUG - 2026-01-13 05:42:12 --> Session: Class initialized using 'CodeIgniter\Session\Handlers\FileHandler' driver.
DEBUG - 2026-01-13 05:44:04 --> Session: Class initialized using 'CodeIgniter\Session\Handlers\FileHandler' driver.
DEBUG - 2026-01-13 05:45:50 --> Session: Class initialized using 'CodeIgniter\Session\Handlers\FileHandler' driver.
DEBUG - 2026-01-13 05:54:29 --> Session: Class initialized using 'CodeIgniter\Session\Handlers\FileHandler' driver.
DEBUG - 2026-01-13 05:56:08 --> Session: Class initialized using 'CodeIgniter\Session\Handlers\FileHandler' driver.
DEBUG - 2026-01-13 05:59:44 --> Session: Class initialized using 'CodeIgniter\Session\Handlers\FileHandler' driver.
DEBUG - 2026-01-13 06:00:05 --> Session: Class initialized using 'CodeIgniter\Session\Handlers\FileHandler' driver.
DEBUG - 2026-01-13 06:07:28 --> Session: Class initialized using 'CodeIgniter\Session\Handlers\FileHandler' driver.
DEBUG - 2026-01-13 06:08:11 --> Session: Class initialized using 'CodeIgniter\Session\Handlers\FileHandler' driver.
DEBUG - 2026-01-13 06:08:12 --> Session: Class initialized using 'CodeIgniter\Session\Handlers\FileHandler' driver.
DEBUG - 2026-01-13 06:08:16 --> Session: Class initialized using 'CodeIgniter\Session\Handlers\FileHandler' driver.
DEBUG - 2026-01-13 06:08:17 --> Session: Class initialized using 'CodeIgniter\Session\Handlers\FileHandler' driver.
DEBUG - 2026-01-13 06:08:20 --> Session: Class initialized using 'CodeIgniter\Session\Handlers\FileHandler' driver.
DEBUG - 2026-01-13 06:08:20 --> Session: Class initialized using 'CodeIgniter\Session\Handlers\FileHandler' driver.
DEBUG - 2026-01-13 06:08:27 --> Session: Class initialized using 'CodeIgniter\Session\Handlers\FileHandler' driver.
DEBUG - 2026-01-13 06:08:27 --> Session: Class initialized using 'CodeIgniter\Session\Handlers\FileHandler' driver.
DEBUG - 2026-01-13 06:08:31 --> Session: Class initialized using 'CodeIgniter\Session\Handlers\FileHandler' driver.
DEBUG - 2026-01-13 06:09:19 --> Session: Class initialized using 'CodeIgniter\Session\Handlers\FileHandler' driver.
DEBUG - 2026-01-13 06:09:20 --> Session: Class initialized using 'CodeIgniter\Session\Handlers\FileHandler' driver.
DEBUG - 2026-01-13 06:09:21 --> Session: Class initialized using 'CodeIgniter\Session\Handlers\FileHandler' driver.
DEBUG - 2026-01-13 06:09:25 --> Session: Class initialized using 'CodeIgniter\Session\Handlers\FileHandler' driver.
DEBUG - 2026-01-13 06:09:28 --> Session: Class initialized using 'CodeIgniter\Session\Handlers\FileHandler' driver.
DEBUG - 2026-01-13 06:09:56 --> Session: Class initialized using 'CodeIgniter\Session\Handlers\FileHandler' driver.
DEBUG - 2026-01-13 06:10:15 --> Session: Class initialized using 'CodeIgniter\Session\Handlers\FileHandler' driver.
DEBUG - 2026-01-13 06:10:17 --> Session: Class initialized using 'CodeIgniter\Session\Handlers\FileHandler' driver.
DEBUG - 2026-01-13 06:10:23 --> Session: Class initialized using 'CodeIgniter\Session\Handlers\FileHandler' driver.
DEBUG - 2026-01-13 06:10:26 --> Session: Class initialized using 'CodeIgniter\Session\Handlers\FileHandler' driver.
DEBUG - 2026-01-13 06:12:02 --> Session: Class initialized using 'CodeIgniter\Session\Handlers\FileHandler' driver.
DEBUG - 2026-01-13 06:12:18 --> Session: Class initialized using 'CodeIgniter\Session\Handlers\FileHandler' driver.
DEBUG - 2026-01-13 06:12:23 --> Session: Class initialized using 'CodeIgniter\Session\Handlers\FileHandler' driver.
DEBUG - 2026-01-13 06:12:27 --> Session: Class initialized using 'CodeIgniter\Session\Handlers\FileHandler' driver.
DEBUG - 2026-01-13 06:12:27 --> Session: Class initialized using 'CodeIgniter\Session\Handlers\FileHandler' driver.
DEBUG - 2026-01-13 06:14:18 --> Session: Class initialized using 'CodeIgniter\Session\Handlers\FileHandler' driver.
DEBUG - 2026-01-13 06:14:20 --> Session: Class initialized using 'CodeIgniter\Session\Handlers\FileHandler' driver.
DEBUG - 2026-01-13 06:14:41 --> Session: Class initialized using 'CodeIgniter\Session\Handlers\FileHandler' driver.
DEBUG - 2026-01-13 06:14:45 --> Session: Class initialized using 'CodeIgniter\Session\Handlers\FileHandler' driver.
DEBUG - 2026-01-13 06:14:45 --> Session: Class initialized using 'CodeIgniter\Session\Handlers\FileHandler' driver.
DEBUG - 2026-01-13 06:16:08 --> Session: Class initialized using 'CodeIgniter\Session\Handlers\FileHandler' driver.
DEBUG - 2026-01-13 06:16:10 --> Session: Class initialized using 'CodeIgniter\Session\Handlers\FileHandler' driver.
DEBUG - 2026-01-13 06:16:16 --> Session: Class initialized using 'CodeIgniter\Session\Handlers\FileHandler' driver.
DEBUG - 2026-01-13 06:19:21 --> Session: Class initialized using 'CodeIgniter\Session\Handlers\FileHandler' driver.
DEBUG - 2026-01-13 06:19:24 --> Session: Class initialized using 'CodeIgniter\Session\Handlers\FileHandler' driver.
DEBUG - 2026-01-13 06:19:25 --> Session: Class initialized using 'CodeIgniter\Session\Handlers\FileHandler' driver.
DEBUG - 2026-01-13 06:19:29 --> Session: Class initialized using 'CodeIgniter\Session\Handlers\FileHandler' driver.
DEBUG - 2026-01-13 06:20:53 --> Session: Class initialized using 'CodeIgniter\Session\Handlers\FileHandler' driver.
DEBUG - 2026-01-13 06:20:56 --> Session: Class initialized using 'CodeIgniter\Session\Handlers\FileHandler' driver.
DEBUG - 2026-01-13 06:20:59 --> Session: Class initialized using 'CodeIgniter\Session\Handlers\FileHandler' driver.
DEBUG - 2026-01-13 06:21:03 --> Session: Class initialized using 'CodeIgniter\Session\Handlers\FileHandler' driver.
DEBUG - 2026-01-13 06:21:38 --> Session: Class initialized using 'CodeIgniter\Session\Handlers\FileHandler' driver.
DEBUG - 2026-01-13 06:21:39 --> Session: Class initialized using 'CodeIgniter\Session\Handlers\FileHandler' driver.
DEBUG - 2026-01-13 06:21:44 --> Session: Class initialized using 'CodeIgniter\Session\Handlers\FileHandler' driver.
DEBUG - 2026-01-13 06:21:47 --> Session: Class initialized using 'CodeIgniter\Session\Handlers\FileHandler' driver.
DEBUG - 2026-01-13 06:21:49 --> Session: Class initialized using 'CodeIgniter\Session\Handlers\FileHandler' driver.
DEBUG - 2026-01-13 06:21:51 --> Session: Class initialized using 'CodeIgniter\Session\Handlers\FileHandler' driver.
DEBUG - 2026-01-13 06:22:07 --> Session: Class initialized using 'CodeIgniter\Session\Handlers\FileHandler' driver.
DEBUG - 2026-01-13 06:22:16 --> Session: Class initialized using 'CodeIgniter\Session\Handlers\FileHandler' driver.
DEBUG - 2026-01-13 06:22:18 --> Session: Class initialized using 'CodeIgniter\Session\Handlers\FileHandler' driver.
DEBUG - 2026-01-13 06:22:21 --> Session: Class initialized using 'CodeIgniter\Session\Handlers\FileHandler' driver.
DEBUG - 2026-01-13 06:22:22 --> Session: Class initialized using 'CodeIgniter\Session\Handlers\FileHandler' driver.
DEBUG - 2026-01-13 06:22:23 --> Session: Class initialized using 'CodeIgniter\Session\Handlers\FileHandler' driver.
DEBUG - 2026-01-13 06:22:26 --> Session: Class initialized using 'CodeIgniter\Session\Handlers\FileHandler' driver.
DEBUG - 2026-01-13 06:22:27 --> Session: Class initialized using 'CodeIgniter\Session\Handlers\FileHandler' driver.
DEBUG - 2026-01-13 06:22:30 --> Session: Class initialized using 'CodeIgniter\Session\Handlers\FileHandler' driver.
DEBUG - 2026-01-13 06:22:32 --> Session: Class initialized using 'CodeIgniter\Session\Handlers\FileHandler' driver.
DEBUG - 2026-01-13 06:29:35 --> Session: Class initialized using 'CodeIgniter\Session\Handlers\FileHandler' driver.
DEBUG - 2026-01-13 06:29:58 --> Session: Class initialized using 'CodeIgniter\Session\Handlers\FileHandler' driver.
DEBUG - 2026-01-13 06:30:00 --> Session: Class initialized using 'CodeIgniter\Session\Handlers\FileHandler' driver.
DEBUG - 2026-01-13 06:30:06 --> Session: Class initialized using 'CodeIgniter\Session\Handlers\FileHandler' driver.
DEBUG - 2026-01-13 06:30:50 --> Session: Class initialized using 'CodeIgniter\Session\Handlers\FileHandler' driver.
DEBUG - 2026-01-13 06:30:59 --> Session: Class initialized using 'CodeIgniter\Session\Handlers\FileHandler' driver.
DEBUG - 2026-01-13 06:31:01 --> Session: Class initialized using 'CodeIgniter\Session\Handlers\FileHandler' driver.
DEBUG - 2026-01-13 06:31:32 --> Session: Class initialized using 'CodeIgniter\Session\Handlers\FileHandler' driver.
DEBUG - 2026-01-13 06:31:36 --> Session: Class initialized using 'CodeIgniter\Session\Handlers\FileHandler' driver.
DEBUG - 2026-01-13 06:31:44 --> Session: Class initialized using 'CodeIgniter\Session\Handlers\FileHandler' driver.
DEBUG - 2026-01-13 06:31:44 --> Session: Class initialized using 'CodeIgniter\Session\Handlers\FileHandler' driver.
DEBUG - 2026-01-13 06:34:45 --> Session: Class initialized using 'CodeIgniter\Session\Handlers\FileHandler' driver.
DEBUG - 2026-01-13 06:39:56 --> Session: Class initialized using 'CodeIgniter\Session\Handlers\FileHandler' driver.
DEBUG - 2026-01-13 06:41:08 --> Session: Class initialized using 'CodeIgniter\Session\Handlers\FileHandler' driver.
DEBUG - 2026-01-13 06:41:10 --> Session: Class initialized using 'CodeIgniter\Session\Handlers\FileHandler' driver.
DEBUG - 2026-01-13 06:41:12 --> Session: Class initialized using 'CodeIgniter\Session\Handlers\FileHandler' driver.
DEBUG - 2026-01-13 06:41:18 --> Session: Class initialized using 'CodeIgniter\Session\Handlers\FileHandler' driver.
DEBUG - 2026-01-13 06:41:21 --> Session: Class initialized using 'CodeIgniter\Session\Handlers\FileHandler' driver.
DEBUG - 2026-01-13 06:41:26 --> Session: Class initialized using 'CodeIgniter\Session\Handlers\FileHandler' driver.
DEBUG - 2026-01-13 06:48:02 --> Session: Class initialized using 'CodeIgniter\Session\Handlers\FileHandler' driver.
DEBUG - 2026-01-13 06:48:03 --> Session: Class initialized using 'CodeIgniter\Session\Handlers\FileHandler' driver.
DEBUG - 2026-01-13 06:48:09 --> Session: Class initialized using 'CodeIgniter\Session\Handlers\FileHandler' driver.
DEBUG - 2026-01-13 06:49:55 --> Session: Class initialized using 'CodeIgniter\Session\Handlers\FileHandler' driver.
DEBUG - 2026-01-13 06:50:02 --> Session: Class initialized using 'CodeIgniter\Session\Handlers\FileHandler' driver.
DEBUG - 2026-01-13 06:51:12 --> Session: Class initialized using 'CodeIgniter\Session\Handlers\FileHandler' driver.
DEBUG - 2026-01-13 06:54:10 --> Session: Class initialized using 'CodeIgniter\Session\Handlers\FileHandler' driver.
DEBUG - 2026-01-13 06:55:19 --> Session: Class initialized using 'CodeIgniter\Session\Handlers\FileHandler' driver.
DEBUG - 2026-01-13 06:57:42 --> Session: Class initialized using 'CodeIgniter\Session\Handlers\FileHandler' driver.
DEBUG - 2026-01-13 06:57:51 --> Session: Class initialized using 'CodeIgniter\Session\Handlers\FileHandler' driver.
DEBUG - 2026-01-13 06:58:36 --> Session: Class initialized using 'CodeIgniter\Session\Handlers\FileHandler' driver.
DEBUG - 2026-01-13 06:59:25 --> Session: Class initialized using 'CodeIgniter\Session\Handlers\FileHandler' driver.
DEBUG - 2026-01-13 06:59:27 --> Session: Class initialized using 'CodeIgniter\Session\Handlers\FileHandler' driver.
DEBUG - 2026-01-13 06:59:35 --> Session: Class initialized using 'CodeIgniter\Session\Handlers\FileHandler' driver.
DEBUG - 2026-01-13 06:59:37 --> Session: Class initialized using 'CodeIgniter\Session\Handlers\FileHandler' driver.
DEBUG - 2026-01-13 06:59:47 --> Session: Class initialized using 'CodeIgniter\Session\Handlers\FileHandler' driver.
DEBUG - 2026-01-13 07:23:26 --> Session: Class initialized using 'CodeIgniter\Session\Handlers\FileHandler' driver.
DEBUG - 2026-01-13 07:23:33 --> Session: Class initialized using 'CodeIgniter\Session\Handlers\FileHandler' driver.
DEBUG - 2026-01-13 07:23:40 --> Session: Class initialized using 'CodeIgniter\Session\Handlers\FileHandler' driver.
DEBUG - 2026-01-13 07:23:50 --> Session: Class initialized using 'CodeIgniter\Session\Handlers\FileHandler' driver.
DEBUG - 2026-01-13 07:23:56 --> Session: Class initialized using 'CodeIgniter\Session\Handlers\FileHandler' driver.
DEBUG - 2026-01-13 07:23:59 --> Session: Class initialized using 'CodeIgniter\Session\Handlers\FileHandler' driver.
DEBUG - 2026-01-13 07:24:23 --> Session: Class initialized using 'CodeIgniter\Session\Handlers\FileHandler' driver.
DEBUG - 2026-01-13 07:25:41 --> Session: Class initialized using 'CodeIgniter\Session\Handlers\FileHandler' driver.
DEBUG - 2026-01-13 07:25:45 --> Session: Class initialized using 'CodeIgniter\Session\Handlers\FileHandler' driver.
DEBUG - 2026-01-13 07:25:47 --> Session: Class initialized using 'CodeIgniter\Session\Handlers\FileHandler' driver.
